 scrypt

 Timestamp is 57d075a5 (Wed Sep  7 16:16:37 2016)

 Preferred load address is 10000000

 Start         Length     Name                   Class
 0001:00000000 0001aef0H .text$mn                CODE
 0001:0001aef0 000003cfH .text$x                 CODE
 0002:00000000 00000134H .idata$5                DATA
 0002:00000134 00000004H .00cfg                  DATA
 0002:00000138 00000004H .CRT$XCA                DATA
 0002:0000013c 00000004H .CRT$XCU                DATA
 0002:00000140 00000004H .CRT$XCZ                DATA
 0002:00000144 00000004H .CRT$XIA                DATA
 0002:00000148 0000000cH .CRT$XIC                DATA
 0002:00000154 00000004H .CRT$XIZ                DATA
 0002:00000158 00000004H .CRT$XPA                DATA
 0002:0000015c 00000008H .CRT$XPX                DATA
 0002:00000164 00000004H .CRT$XPXA               DATA
 0002:00000168 00000004H .CRT$XPZ                DATA
 0002:0000016c 00000004H .CRT$XTA                DATA
 0002:00000170 00000010H .CRT$XTZ                DATA
 0002:00000180 000064a4H .rdata                  DATA
 0002:00006624 0000026cH .rdata$r                DATA
 0002:00006890 00000064H .rdata$sxdata           DATA
 0002:000068f4 000003c0H .rdata$zzzdbg           DATA
 0002:00006cb4 00000004H .rtc$IAA                DATA
 0002:00006cb8 00000004H .rtc$IZZ                DATA
 0002:00006cbc 00000004H .rtc$TAA                DATA
 0002:00006cc0 00000008H .rtc$TZZ                DATA
 0002:00006cc8 00000a1cH .xdata$x                DATA
 0002:000076e4 00000020H .didat$2                DATA
 0002:00007704 00000020H .didat$3                DATA
 0002:00007724 000000b0H .didat$4                DATA
 0002:000077d4 00000ab0H .didat$6                DATA
 0002:00008284 000000bcH .didat$7                DATA
 0002:00008340 00000050H .edata                  DATA
 0002:00008390 00000014H .idata$2                DATA
 0002:000083a4 00000014H .idata$3                DATA
 0002:000083b8 00000134H .idata$4                DATA
 0002:000084ec 00000592H .idata$6                DATA
 0003:00000000 00000860H .data                   DATA
 0003:00000860 000000f8H .data$r                 DATA
 0003:00000958 000000b0H .didat$5                DATA
 0003:00000a08 00000a50H .bss                    DATA
 0004:00000000 00000090H .gfids$x                DATA
 0004:00000090 00000084H .gfids$y                DATA
 0005:00000000 00000060H .rsrc$01                DATA
 0005:00000060 00000180H .rsrc$02                DATA

  Address         Publics by Value              Rva+Base       Lib:Object

 0000:00000000       __except_list              00000000     <absolute>
 0000:00000000       ___guard_longjmp_count     00000000     <absolute>
 0000:00000000       ___guard_fids_count        00000000     <absolute>
 0000:00000000       ___guard_longjmp_table     00000000     <absolute>
 0000:00000000       ___guard_iat_table         00000000     <absolute>
 0000:00000000       ___guard_iat_count         00000000     <absolute>
 0000:00000000       ___guard_fids_table        00000000     <absolute>
 0000:00000000       ___dynamic_value_reloc_table 00000000     <absolute>
 0000:00000019       ___safe_se_handler_count   00000019     <absolute>
 0000:00000100       ___guard_flags             00000100     <absolute>
 0000:00000000       ___ImageBase               10000000     <linker-defined>
 0001:00000000       ?Error@Nan@@YA?AV?$Local@VValue@v8@@@v8@@PBD@Z 10001000 f i scrypt_common.obj
 0001:000000b0       ??1HandleScope@Nan@@QAE@XZ 100010b0 f i scrypt_params_async.obj
 0001:000000b0       ??1EscapableHandleScope@Nan@@QAE@XZ 100010b0 f i scrypt_common.obj
 0001:000002c0       ?ScryptError@NodeScrypt@@YA?AV?$Local@VValue@v8@@@v8@@I@Z 100012c0 f   scrypt_common.obj
 0001:00000340       ??1?$basic_string@DU?$char_traits@D@std@@V?$allocator@D@2@@std@@QAE@XZ 10001340 f i scrypt_common.obj
 0001:000003b0       ??0?$basic_string@DU?$char_traits@D@std@@V?$allocator@D@2@@std@@QAE@$$QAV01@@Z 100013b0 f i scrypt_common.obj
 0001:00000430       ?assign@?$basic_string@DU?$char_traits@D@std@@V?$allocator@D@2@@std@@QAEAAV12@PBDI@Z 10001430 f i scrypt_common.obj
 0001:00000530       ?assign@?$basic_string@DU?$char_traits@D@std@@V?$allocator@D@2@@std@@QAEAAV12@ABV12@II@Z 10001530 f i scrypt_common.obj
 0001:00000640       ?append@?$basic_string@DU?$char_traits@D@std@@V?$allocator@D@2@@std@@QAEAAV12@ABV12@II@Z 10001640 f i scrypt_common.obj
 0001:00000720       ?_Grow@?$basic_string@DU?$char_traits@D@std@@V?$allocator@D@2@@std@@QAE_NI_N@Z 10001720 f i scrypt_common.obj
 0001:00000770       ?erase@?$basic_string@DU?$char_traits@D@std@@V?$allocator@D@2@@std@@QAEAAV12@II@Z 10001770 f i scrypt_common.obj
 0001:000007f0       ?_Copy@?$basic_string@DU?$char_traits@D@std@@V?$allocator@D@2@@std@@QAEXII@Z 100017f0 f i scrypt_common.obj
 0001:00000920       ??$?HDU?$char_traits@D@std@@V?$allocator@D@1@@std@@YA?AV?$basic_string@DU?$char_traits@D@std@@V?$allocator@D@2@@0@PBD$$QAV10@@Z 10001920 f i scrypt_common.obj
 0001:00000950       ?insert@?$basic_string@DU?$char_traits@D@std@@V?$allocator@D@2@@std@@QAEAAV12@IPBDI@Z 10001950 f i scrypt_common.obj
 0001:00000a50       ?insert@?$basic_string@DU?$char_traits@D@std@@V?$allocator@D@2@@std@@QAEAAV12@IABV12@II@Z 10001a50 f i scrypt_common.obj
 0001:00000bb0       ?Call_@Callback@Nan@@ABE?AV?$Local@VValue@v8@@@v8@@PAVIsolate@4@V?$Local@VObject@v8@@@4@HQAV34@@Z 10001bb0 f i scrypt_params_async.obj
 0001:00000c60       ??0AsyncWorker@Nan@@QAE@PAVCallback@1@@Z 10001c60 f i scrypt_params_async.obj
 0001:00000d30       ??1AsyncWorker@Nan@@UAE@XZ 10001d30 f i scrypt_params_async.obj
 0001:00000df0       ?WorkComplete@AsyncWorker@Nan@@UAEXXZ 10001df0 f i scrypt_params_async.obj
 0001:00000e90       ?Destroy@AsyncWorker@Nan@@UAEXXZ 10001e90 f i scrypt_params_async.obj
 0001:00000ea0       ?HandleOKCallback@AsyncWorker@Nan@@MAEXXZ 10001ea0 f i scrypt_params_async.obj
 0001:00000ef0       ?HandleErrorCallback@AsyncWorker@Nan@@MAEXXZ 10001ef0 f i scrypt_params_async.obj
 0001:00000fc0       ??_GAsyncWorker@Nan@@UAEPAXI@Z 10001fc0 f i scrypt_params_async.obj
 0001:00000fc0       ??_EAsyncWorker@Nan@@UAEPAXI@Z 10001fc0 f i * CIL library *:* CIL module *
 0001:00000fe0       ??1?$Persistent@VObject@v8@@V?$NonCopyablePersistentTraits@VObject@v8@@@2@@Nan@@QAE@XZ 10001fe0 f i scrypt_params_async.obj
 0001:00001020       ?AsyncExecute@Nan@@YAXPAUuv_work_s@@@Z 10002020 f i scrypt_params_async.obj
 0001:00001030       ?AsyncExecuteComplete@Nan@@YAXPAUuv_work_s@@@Z 10002030 f i scrypt_params_async.obj
 0001:00001060       ?HandleErrorCallback@ScryptAsyncWorker@@UAEXXZ 10002060 f i scrypt_params_async.obj
 0001:00001100       ?WorkComplete@ScryptAsyncWorker@@UAEXXZ 10002100 f i scrypt_params_async.obj
 0001:000011b0       ??1ScryptAsyncWorker@@UAE@XZ 100021b0 f i scrypt_params_async.obj
 0001:000011c0       ??0ScryptParamsAsyncWorker@@QAE@ABV?$FunctionCallbackInfo@VValue@v8@@@Nan@@@Z 100021c0 f i scrypt_params_async.obj
 0001:00001330       ??_EScryptParamsAsyncWorker@@UAEPAXI@Z 10002330 f i * CIL library *:* CIL module *
 0001:00001330       ??_GScryptParamsAsyncWorker@@UAEPAXI@Z 10002330 f i scrypt_params_async.obj
 0001:00001360       ?Execute@ScryptParamsAsyncWorker@@UAEXXZ 10002360 f   scrypt_params_async.obj
 0001:00001410       ?HandleOKCallback@ScryptParamsAsyncWorker@@UAEXXZ 10002410 f   scrypt_params_async.obj
 0001:00001640       ?params@@YAXABV?$FunctionCallbackInfo@VValue@v8@@@Nan@@@Z 10002640 f   scrypt_params_async.obj
 0001:000016c0       ?paramsSync@@YAXABV?$FunctionCallbackInfo@VValue@v8@@@Nan@@@Z 100026c0 f   scrypt_params_sync.obj
 0001:000019d0       ?SaveToPersistent@AsyncWorker@Nan@@QAEXPBDABV?$Local@VValue@v8@@@v8@@@Z 100029d0 f i scrypt_kdf_async.obj
 0001:00001a90       ?GetFromPersistent@AsyncWorker@Nan@@QBE?AV?$Local@VValue@v8@@@v8@@PBD@Z 10002a90 f i scrypt_kdf_async.obj
 0001:00001b60       ??0Params@NodeScrypt@@QAE@ABV?$Local@VObject@v8@@@v8@@@Z 10002b60 f i scrypt_kdf_async.obj
 0001:00001c60       ??0ScryptKDFAsyncWorker@@QAE@ABV?$FunctionCallbackInfo@VValue@v8@@@Nan@@@Z 10002c60 f i scrypt_kdf_async.obj
 0001:00001f40       ??_GScryptKDFAsyncWorker@@UAEPAXI@Z 10002f40 f i scrypt_kdf_async.obj
 0001:00001f40       ??_EScryptKDFAsyncWorker@@UAEPAXI@Z 10002f40 f i * CIL library *:* CIL module *
 0001:00001f70       ?Execute@ScryptKDFAsyncWorker@@UAEXXZ 10002f70 f   scrypt_kdf_async.obj
 0001:00001fb0       ?HandleOKCallback@ScryptKDFAsyncWorker@@UAEXXZ 10002fb0 f   scrypt_kdf_async.obj
 0001:000020a0       ?kdf@@YAXABV?$FunctionCallbackInfo@VValue@v8@@@Nan@@@Z 100030a0 f   scrypt_kdf_async.obj
 0001:00002120       ?kdfSync@@YAXABV?$FunctionCallbackInfo@VValue@v8@@@Nan@@@Z 10003120 f   scrypt_kdf_sync.obj
 0001:00002250       ?kdfVerifySync@@YAXABV?$FunctionCallbackInfo@VValue@v8@@@Nan@@@Z 10003250 f   scrypt_kdf-verify_sync.obj
 0001:00002330       ??0ScryptKDFVerifyAsyncWorker@@QAE@ABV?$FunctionCallbackInfo@VValue@v8@@@Nan@@@Z 10003330 f i scrypt_kdf-verify_async.obj
 0001:00002530       ??_GScryptKDFVerifyAsyncWorker@@UAEPAXI@Z 10003530 f i scrypt_kdf-verify_async.obj
 0001:00002530       ??_EScryptKDFVerifyAsyncWorker@@UAEPAXI@Z 10003530 f i * CIL library *:* CIL module *
 0001:00002560       ?Execute@ScryptKDFVerifyAsyncWorker@@UAEXXZ 10003560 f   scrypt_kdf-verify_async.obj
 0001:00002590       ?HandleOKCallback@ScryptKDFVerifyAsyncWorker@@UAEXXZ 10003590 f   scrypt_kdf-verify_async.obj
 0001:00002640       ?kdfVerify@@YAXABV?$FunctionCallbackInfo@VValue@v8@@@Nan@@@Z 10003640 f   scrypt_kdf-verify_async.obj
 0001:000026c0       ?hashSync@@YAXABV?$FunctionCallbackInfo@VValue@v8@@@Nan@@@Z 100036c0 f   scrypt_hash_sync.obj
 0001:00002870       ??0ScryptHashAsyncWorker@@QAE@ABV?$FunctionCallbackInfo@VValue@v8@@@Nan@@@Z 10003870 f i scrypt_hash_async.obj
 0001:00002bc0       ??_EScryptHashAsyncWorker@@UAEPAXI@Z 10003bc0 f i * CIL library *:* CIL module *
 0001:00002bc0       ??_GScryptHashAsyncWorker@@UAEPAXI@Z 10003bc0 f i scrypt_hash_async.obj
 0001:00002bf0       ?Execute@ScryptHashAsyncWorker@@UAEXXZ 10003bf0 f   scrypt_hash_async.obj
 0001:00002c40       ?HandleOKCallback@ScryptHashAsyncWorker@@UAEXXZ 10003c40 f   scrypt_hash_async.obj
 0001:00002d30       ?hash@@YAXABV?$FunctionCallbackInfo@VValue@v8@@@Nan@@@Z 10003d30 f   scrypt_hash_async.obj
 0001:00002e50       ?New@?$Factory@VFunctionTemplate@v8@@@imp@Nan@@SA?AV?$Local@VFunctionTemplate@v8@@@v8@@P6AXABV?$FunctionCallbackInfo@VValue@v8@@@3@@ZV?$Local@VValue@v8@@@5@V?$Local@VSignature@v8@@@5@@Z 10003e50 f i scrypt_node.obj
 0001:00002fb0       ?InitAll@@YAXV?$Local@VObject@v8@@@v8@@@Z 10003fb0 f   scrypt_node.obj
 0001:00003530       _pickparams                10004530 f   scrypt_wrapper:pickparams.obj
 0001:000036d0       _KDF                       100046d0 f   scrypt_wrapper:keyderivation.obj
 0001:000038c0       _Verify                    100048c0 f   scrypt_wrapper:keyderivation.obj
 0001:00003b00       _ScryptHashFunction        10004b00 f   scrypt_wrapper:hash.obj
 0001:00003cd0       _scryptenc_cpuperf         10004cd0 f   scrypt_lib:scryptenc_cpuperf.obj
 0001:00005c30       _libcperciva_SHA256_Update 10006c30 f   scrypt_lib:sha256.obj
 0001:00005ce0       _libcperciva_SHA256_Final  10006ce0 f   scrypt_lib:sha256.obj
 0001:00005de0       _libcperciva_HMAC_SHA256_Init 10006de0 f   scrypt_lib:sha256.obj
 0001:000060b0       _PBKDF2_SHA256             100070b0 f   scrypt_lib:sha256.obj
 0001:00006700       ___local_stdio_printf_options 10007700 f i scrypt_lib:warnp.obj
 0001:00006710       _fprintf                   10007710 f i scrypt_lib:warnp.obj
 0001:00006740       _libcperciva_warnx         10007740 f   scrypt_lib:warnp.obj
 0001:00006d80       _crypto_scrypt_smix        10007d80 f   scrypt_lib:crypto_scrypt_smix.obj
 0001:00006fdb       __imp_load_?GetCurrent@Isolate@v8@@SAPAV12@XZ 10007fdb f   node:node.exe
 0001:00006fe5       __tailMerge_node_exe       10007fe5 f i node:node.exe
 0001:00006ff6       __imp_load_??1HandleScope@v8@@QAE@XZ 10007ff6 f   node:node.exe
 0001:00007000       __imp_load_?Error@Exception@v8@@SA?AV?$Local@VValue@v8@@@2@V?$Local@VString@v8@@@2@@Z 10008000 f   node:node.exe
 0001:0000700a       __imp_load_?ToLocalEmpty@V8@v8@@CAXXZ 1000800a f   node:node.exe
 0001:00007014       __imp_load_?Escape@EscapableHandleScope@v8@@AAEPAPAVObject@internal@2@PAPAV342@@Z 10008014 f   node:node.exe
 0001:0000701e       __imp_load_??0EscapableHandleScope@v8@@QAE@PAVIsolate@1@@Z 1000801e f   node:node.exe
 0001:00007028       __imp_load_?NewFromUtf8@String@v8@@SA?AV?$MaybeLocal@VString@v8@@@2@PAVIsolate@2@PBDW4NewStringType@2@H@Z 10008028 f   node:node.exe
 0001:00007032       __imp_load_??1EscapableHandleScope@v8@@QAE@XZ 10008032 f   node:node.exe
 0001:0000703c       __imp_load__uv_queue_work  1000803c f   node:node.exe
 0001:00007046       __imp_load_?Global@Context@v8@@QAE?AV?$Local@VObject@v8@@@2@XZ 10008046 f   node:node.exe
 0001:00007050       __imp_load_?NewFromUnsigned@Integer@v8@@SA?AV?$Local@VInteger@v8@@@2@PAVIsolate@2@I@Z 10008050 f   node:node.exe
 0001:0000705a       __imp_load_?New@Integer@v8@@SA?AV?$Local@VInteger@v8@@@2@PAVIsolate@2@H@Z 1000805a f   node:node.exe
 0001:00007064       __imp_load_?GetCurrentContext@Isolate@v8@@QAE?AV?$Local@VContext@v8@@@2@XZ 10008064 f   node:node.exe
 0001:0000706e       __imp_load_?CreateHandle@HandleScope@v8@@KAPAPAVObject@internal@2@PAVIsolate@42@PAV342@@Z 1000806e f   node:node.exe
 0001:00007078       __imp_load_??0HandleScope@v8@@QAE@PAVIsolate@1@@Z 10008078 f   node:node.exe
 0001:00007082       __imp_load_?DisposeGlobal@V8@v8@@CAXPAPAVObject@internal@2@@Z 10008082 f   node:node.exe
 0001:0000708c       __imp_load_?GlobalizeReference@V8@v8@@CAPAPAVObject@internal@2@PAVIsolate@42@PAPAV342@@Z 1000808c f   node:node.exe
 0001:00007096       __imp_load_?IntegerValue@Value@v8@@QBE_JXZ 10008096 f   node:node.exe
 0001:000070a0       __imp_load_?NumberValue@Value@v8@@QBENXZ 100080a0 f   node:node.exe
 0001:000070aa       __imp_load_?ToInteger@Value@v8@@QBE?AV?$MaybeLocal@VInteger@v8@@@2@V?$Local@VContext@v8@@@2@@Z 100080aa f   node:node.exe
 0001:000070b4       __imp_load_?New@Object@v8@@SA?AV?$Local@VObject@v8@@@2@PAVIsolate@2@@Z 100080b4 f   node:node.exe
 0001:000070be       __imp_load_?Set@Object@v8@@QAE_NV?$Local@VValue@v8@@@2@0@Z 100080be f   node:node.exe
 0001:000070c8       __imp_load_?MakeCallback@node@@YA?AV?$Local@VValue@v8@@@v8@@PAVIsolate@3@V?$Local@VObject@v8@@@3@V?$Local@VFunction@v8@@@3@HPAV23@@Z 100080c8 f   node:node.exe
 0001:000070d2       __imp_load__uv_default_loop 100080d2 f   node:node.exe
 0001:000070dc       __imp_load_?ThrowException@Isolate@v8@@QAE?AV?$Local@VValue@v8@@@2@V32@@Z 100080dc f   node:node.exe
 0001:000070e6       __imp_load_?Uint32Value@Value@v8@@QBEIXZ 100080e6 f   node:node.exe
 0001:000070f0       __imp_load_?Get@Object@v8@@QAE?AV?$Local@VValue@v8@@@2@V32@@Z 100080f0 f   node:node.exe
 0001:000070fa       __imp_load_?New@Buffer@node@@YA?AV?$MaybeLocal@VObject@v8@@@v8@@PAVIsolate@4@I@Z 100080fa f   node:node.exe
 0001:00007104       __imp_load_?Data@Buffer@node@@YAPADV?$Local@VValue@v8@@@v8@@@Z 10008104 f   node:node.exe
 0001:0000710e       __imp_load_?Length@Buffer@node@@YAIV?$Local@VValue@v8@@@v8@@@Z 1000810e f   node:node.exe
 0001:00007118       __imp_load_?ToObject@Value@v8@@QBE?AV?$Local@VObject@v8@@@2@XZ 10008118 f   node:node.exe
 0001:00007122       __imp_load_?Value@External@v8@@QBEPAXXZ 10008122 f   node:node.exe
 0001:0000712c       __imp_load_?New@External@v8@@SA?AV?$Local@VExternal@v8@@@2@PAVIsolate@2@PAX@Z 1000812c f   node:node.exe
 0001:00007136       __imp_load_?CreateHandle@HandleScope@v8@@CAPAPAVObject@internal@2@PAVHeapObject@42@PAV342@@Z 10008136 f   node:node.exe
 0001:00007140       __imp_load_?GetFunction@FunctionTemplate@v8@@QAE?AV?$MaybeLocal@VFunction@v8@@@2@V?$Local@VContext@v8@@@2@@Z 10008140 f   node:node.exe
 0001:0000714a       __imp_load_?New@FunctionTemplate@v8@@SA?AV?$Local@VFunctionTemplate@v8@@@2@PAVIsolate@2@P6AXABV?$FunctionCallbackInfo@VValue@v8@@@2@@ZV?$Local@VValue@v8@@@2@V?$Local@VSignature@v8@@@2@H@Z 1000814a f   node:node.exe
 0001:00007154       __imp_load_?SlowGetInternalField@Object@v8@@AAE?AV?$Local@VValue@v8@@@2@H@Z 10008154 f   node:node.exe
 0001:0000715e       __imp_load_?SetInternalField@Object@v8@@QAEXHV?$Local@VValue@v8@@@2@@Z 1000815e f   node:node.exe
 0001:00007168       __imp_load_?Set@Object@v8@@QAE?AV?$Maybe@_N@2@V?$Local@VContext@v8@@@2@V?$Local@VValue@v8@@@2@1@Z 10008168 f   node:node.exe
 0001:00007172       __imp_load_?SetInternalFieldCount@ObjectTemplate@v8@@QAEXH@Z 10008172 f   node:node.exe
 0001:0000717c       __imp_load_?NewInstance@ObjectTemplate@v8@@QAE?AV?$MaybeLocal@VObject@v8@@@2@V?$Local@VContext@v8@@@2@@Z 1000817c f   node:node.exe
 0001:00007186       __imp_load_?New@ObjectTemplate@v8@@SA?AV?$Local@VObjectTemplate@v8@@@2@PAVIsolate@2@V?$Local@VFunctionTemplate@v8@@@2@@Z 10008186 f   node:node.exe
 0001:00007190       __imp_load__node_module_register 10008190 f   node:node.exe
 0001:0000719a       ??0bad_alloc@std@@QAE@ABV01@@Z 1000819a f i libcpmt:xthrow.obj
 0001:000071b5       ??0bad_alloc@std@@QAE@XZ   100081b5 f i libcpmt:xthrow.obj
 0001:000071cd       ??0exception@std@@QAE@ABV01@@Z 100081cd f i libcpmt:xthrow.obj
 0001:000071f9       ??0exception@std@@QAE@QBD@Z 100081f9 f i libcpmt:xthrow.obj
 0001:00007230       ??0length_error@std@@QAE@ABV01@@Z 10008230 f i libcpmt:xthrow.obj
 0001:0000724b       ??0length_error@std@@QAE@PBD@Z 1000824b f i libcpmt:xthrow.obj
 0001:0000726c       ??0logic_error@std@@QAE@ABV01@@Z 1000826c f i libcpmt:xthrow.obj
 0001:00007287       ??0out_of_range@std@@QAE@ABV01@@Z 10008287 f i libcpmt:xthrow.obj
 0001:000072a2       ??0out_of_range@std@@QAE@PBD@Z 100082a2 f i libcpmt:xthrow.obj
 0001:000072c3       ??1bad_exception@std@@UAE@XZ 100082c3 f i libvcruntime:frame.obj
 0001:000072c3       ??1bad_array_new_length@std@@UAE@XZ 100082c3 f i LIBCMT:throw_bad_alloc.obj
 0001:000072c3       ??1bad_alloc@std@@UAE@XZ   100082c3 f i libcpmt:xthrow.obj
 0001:000072c3       ??1out_of_range@std@@UAE@XZ 100082c3 f i libcpmt:xthrow.obj
 0001:000072c3       ??1length_error@std@@UAE@XZ 100082c3 f i libcpmt:xthrow.obj
 0001:000072d4       ?_Xlength_error@std@@YAXPBD@Z 100082d4 f   libcpmt:xthrow.obj
 0001:000072f4       ?_Xout_of_range@std@@YAXPBD@Z 100082f4 f   libcpmt:xthrow.obj
 0001:00007314       ?what@exception@std@@UBEPBDXZ 10008314 f i libcpmt:xthrow.obj
 0001:00007321       @__security_check_cookie@4 10008321 f   LIBCMT:_secchk_.obj
 0001:00007332       ??2@YAPAXI@Z               10008332 f   LIBCMT:new_scalar.obj
 0001:00007365       ??3@YAXPAX@Z               10008365 f   LIBCMT:delete_scalar.obj
 0001:0000736a       ??_V@YAXPAX@Z              1000836a f   LIBCMT:delete_array.obj
 0001:0000736f       ??3@YAXPAXI@Z              1000836f f   LIBCMT:delete_scalar_size.obj
 0001:00007685       __DllMainCRTStartup@12     10008685 f   LIBCMT:dll_dllmain.obj
 0001:000076ec       ___scrt_acquire_startup_lock 100086ec f   LIBCMT:utility.obj
 0001:00007721       ___scrt_dllmain_after_initialize_c 10008721 f   LIBCMT:utility.obj
 0001:0000774c       ___scrt_dllmain_before_initialize_c 1000874c f   LIBCMT:utility.obj
 0001:0000775a       ___scrt_dllmain_crt_thread_attach 1000875a f   LIBCMT:utility.obj
 0001:00007779       ___scrt_dllmain_crt_thread_detach 10008779 f   LIBCMT:utility.obj
 0001:00007786       ___scrt_dllmain_exception_filter 10008786 f   LIBCMT:utility.obj
 0001:000077b9       ___scrt_dllmain_uninitialize_c 100087b9 f   LIBCMT:utility.obj
 0001:000077dc       ___scrt_dllmain_uninitialize_critical 100087dc f   LIBCMT:utility.obj
 0001:000077e9       ___scrt_initialize_crt     100087e9 f   LIBCMT:utility.obj
 0001:00007822       ___scrt_initialize_onexit_tables 10008822 f   LIBCMT:utility.obj
 0001:000078b9       ___scrt_is_nonwritable_in_current_image 100088b9 f   LIBCMT:utility.obj
 0001:00007943       ___scrt_release_startup_lock 10008943 f   LIBCMT:utility.obj
 0001:00007960       ___scrt_uninitialize_crt   10008960 f   LIBCMT:utility.obj
 0001:00007988       __onexit                   10008988 f   LIBCMT:utility.obj
 0001:000079c3       _atexit                    100089c3 f   LIBCMT:utility.obj
 0001:000079d8       ??_Gtype_info@@UAEPAXI@Z   100089d8 f i LIBCMT:std_type_info_static.obj
 0001:000079d8       ??_Etype_info@@UAEPAXI@Z   100089d8 f i LIBCMT:std_type_info_static.obj
 0001:000079fb       ___raise_securityfailure   100089fb f   LIBCMT:gs_report.obj
 0001:00007a23       ___report_gsfailure        10008a23 f   LIBCMT:gs_report.obj
 0001:00007b1e       ??0bad_array_new_length@std@@QAE@ABV01@@Z 10008b1e f i LIBCMT:throw_bad_alloc.obj
 0001:00007b39       ??0bad_array_new_length@std@@QAE@XZ 10008b39 f i LIBCMT:throw_bad_alloc.obj
 0001:00007b51       ?__scrt_throw_std_bad_alloc@@YAXXZ 10008b51 f   LIBCMT:throw_bad_alloc.obj
 0001:00007b51       ?_Xbad_alloc@std@@YAXXZ    10008b51 f   libcpmt:xthrow.obj
 0001:00007b6e       ?__scrt_throw_std_bad_array_new_length@@YAXXZ 10008b6e f   LIBCMT:throw_bad_alloc.obj
 0001:00007b8b       ___security_init_cookie    10008b8b f   LIBCMT:gs_support.obj
 0001:00007c27       _DllMain@12                10008c27 f   LIBCMT:dll_dllmain_stub.obj
 0001:00007c2d       ?__scrt_initialize_type_info@@YAXXZ 10008c2d f   LIBCMT:tncleanup.obj
 0001:00007c39       ?__scrt_uninitialize_type_info@@YAXXZ 10008c39 f   LIBCMT:tncleanup.obj
 0001:00007c45       ___local_stdio_scanf_options 10008c45 f i LIBCMT:default_local_stdio_options.obj
 0001:00007c4b       ___scrt_initialize_default_local_stdio_options 10008c4b f   LIBCMT:default_local_stdio_options.obj
 0001:00007c68       ___scrt_get_dyn_tls_init_callback 10008c68 f   LIBCMT:dyn_tls_init.obj
 0001:00007c6e       ___scrt_fastfail           10008c6e f   LIBCMT:utility_desktop.obj
 0001:00007d89       __crt_debugger_hook        10008d89 f   LIBCMT:utility_desktop.obj
 0001:00007d91       __RTC_Initialize           10008d91 f   LIBCMT:_initsect_.obj
 0001:00007dbc       __RTC_Terminate            10008dbc f   LIBCMT:_initsect_.obj
 0001:00007de7       @_guard_check_icall@4      10008de7 f i LIBCMT:checkcfg.obj
 0001:00007df0       __SEH_prolog4              10008df0 f   LIBCMT:_sehprolg4_.obj
 0001:00007e36       __SEH_epilog4              10008e36 f   LIBCMT:_sehprolg4_.obj
 0001:00007e4b       ___isa_available_init      10008e4b f   LIBCMT:_cpu_disp_.obj
 0001:00007fe5       __get_startup_argv_mode    10008fe5 f   LIBCMT:argv_mode.obj
 0001:00007fe9       ___scrt_is_ucrt_dll_in_use 10008fe9 f   LIBCMT:ucrt_detection.obj
 0001:00008000       _memmove                   10009000 f   libvcruntime:memmove.obj
 0001:00008574       ___DestructExceptionObject 10009574 f   libvcruntime:frame.obj
 0001:00008608       ??0bad_exception@std@@QAE@ABV01@@Z 10009608 f i libvcruntime:frame.obj
 0001:00008623       ??0bad_exception@std@@QAE@XZ 10009623 f i libvcruntime:frame.obj
 0001:0000863b       ??_Glength_error@std@@UAEPAXI@Z 1000963b f i libcpmt:xthrow.obj
 0001:0000863b       ??_Elogic_error@std@@UAEPAXI@Z 1000963b f i libcpmt:xthrow.obj
 0001:0000863b       ??_Ebad_alloc@std@@UAEPAXI@Z 1000963b f i libcpmt:xthrow.obj
 0001:0000863b       ??_Ebad_array_new_length@std@@UAEPAXI@Z 1000963b f i LIBCMT:throw_bad_alloc.obj
 0001:0000863b       ??_Eout_of_range@std@@UAEPAXI@Z 1000963b f i libcpmt:xthrow.obj
 0001:0000863b       ??_Gbad_exception@std@@UAEPAXI@Z 1000963b f i libvcruntime:frame.obj
 0001:0000863b       ??_Gexception@std@@UAEPAXI@Z 1000963b f i libcpmt:xthrow.obj
 0001:0000863b       ??_Eexception@std@@UAEPAXI@Z 1000963b f i libcpmt:xthrow.obj
 0001:0000863b       ??_Gbad_alloc@std@@UAEPAXI@Z 1000963b f i libcpmt:xthrow.obj
 0001:0000863b       ??_Elength_error@std@@UAEPAXI@Z 1000963b f i libcpmt:xthrow.obj
 0001:0000863b       ??_Gbad_array_new_length@std@@UAEPAXI@Z 1000963b f i LIBCMT:throw_bad_alloc.obj
 0001:0000863b       ??_Ebad_exception@std@@UAEPAXI@Z 1000963b f i libvcruntime:frame.obj
 0001:0000863b       ??_Gout_of_range@std@@UAEPAXI@Z 1000963b f i libcpmt:xthrow.obj
 0001:0000863b       ??_Glogic_error@std@@UAEPAXI@Z 1000963b f i libcpmt:xthrow.obj
 0001:00008e81       ?_CallMemberFunction2@@YGXQAX00H@Z 10009e81 f i libvcruntime:frame.obj
 0001:00008e81       ?_CallMemberFunction1@@YGXQAX00@Z 10009e81 f i libvcruntime:frame.obj
 0001:00008e81       ?_CallMemberFunction0@@YGXQAX0@Z 10009e81 f i libvcruntime:frame.obj
 0001:00008e88       ___AdjustPointer           10009e88 f   libvcruntime:frame.obj
 0001:00008ead       ___BuildCatchObject        10009ead f   libvcruntime:frame.obj
 0001:00008f3c       ___BuildCatchObjectHelper  10009f3c f   libvcruntime:frame.obj
 0001:0000906a       ___FrameUnwindFilter       1000a06a f   libvcruntime:frame.obj
 0001:000090af       ___FrameUnwindToState      1000a0af f   libvcruntime:frame.obj
 0001:00009177       ___InternalCxxFrameHandler 1000a177 f   libvcruntime:frame.obj
 0001:00009273       ___TypeMatch               1000a273 f   libvcruntime:frame.obj
 0001:00009301       ___std_terminate           1000a301 f   libvcruntime:frame.obj
 0001:00009306       __get_purecall_handler     1000a306 f   libvcruntime:purevirt.obj
 0001:00009325       __purecall                 1000a325 f   libvcruntime:purevirt.obj
 0001:00009340       ___std_exception_copy      1000a340 f   libvcruntime:std_exception.obj
 0001:000093a3       ___std_exception_destroy   1000a3a3 f   libvcruntime:std_exception.obj
 0001:000093c2       __CxxThrowException@8      1000a3c2 f   libvcruntime:throw.obj
 0001:00009470       __except_handler4          1000a470 f   libvcruntime:_chandler4_.obj
 0001:000095d6       ___vcrt_initialize         1000a5d6 f   libvcruntime:initialization.obj
 0001:000095ff       ___vcrt_thread_attach      1000a5ff f   libvcruntime:initialization.obj
 0001:0000960a       ___vcrt_thread_detach      1000a60a f   libvcruntime:initialization.obj
 0001:00009615       ___vcrt_uninitialize       1000a615 f   libvcruntime:initialization.obj
 0001:00009634       ___vcrt_uninitialize_critical 1000a634 f   libvcruntime:initialization.obj
 0001:0000963c       ___std_type_info_compare   1000a63c f   libvcruntime:std_type_info.obj
 0001:00009678       ___std_type_info_destroy_list 1000a678 f   libvcruntime:std_type_info.obj
 0001:000096a0       _memset                    1000a6a0 f   libvcruntime:memset.obj
 0001:000097fa       _unexpected                1000a7fa f   libvcruntime:unexpected.obj
 0001:00009816       ___vcrt_freefls@4          1000a816 f   libvcruntime:per_thread_data.obj
 0001:00009832       ___vcrt_freeptd            1000a832 f   libvcruntime:per_thread_data.obj
 0001:00009868       ___vcrt_getptd             1000a868 f   libvcruntime:per_thread_data.obj
 0001:00009876       ___vcrt_getptd_noexit      1000a876 f   libvcruntime:per_thread_data.obj
 0001:00009908       ___vcrt_initialize_ptd     1000a908 f   libvcruntime:per_thread_data.obj
 0001:0000993b       ___vcrt_uninitialize_ptd   1000a93b f   libvcruntime:per_thread_data.obj
 0001:00009960       __CallSettingFrame@12      1000a960 f   libvcruntime:lowhelpr.obj
 0001:00009987       __NLG_Return               1000a987     libvcruntime:lowhelpr.obj
 0001:000099ac       ?_CallCatchBlock2@@YAPAXPAUEHRegistrationNode@@PBU_s_FuncInfo@@PAXHK@Z 1000a9ac f   libvcruntime:trnsctrl.obj
 0001:00009a0c       ?_CallSETranslator@@YAHPAUEHExceptionRecord@@PAUEHRegistrationNode@@PAX2PBU_s_FuncInfo@@H1@Z 1000aa0c f   libvcruntime:trnsctrl.obj
 0001:00009ae9       ?_GetRangeOfTrysToCheck@@YAPBU_s_TryBlockMapEntry@@PBU_s_FuncInfo@@HHPAI1@Z 1000aae9 f   libvcruntime:trnsctrl.obj
 0001:00009b61       ?_JumpToContinuation@@YGXPAXPAUEHRegistrationNode@@@Z 1000ab61 f   libvcruntime:trnsctrl.obj
 0001:00009b93       ?_UnwindNestedFrames@@YGXPAUEHRegistrationNode@@PAUEHExceptionRecord@@@Z 1000ab93 f   libvcruntime:trnsctrl.obj
 0001:00009be8       __CatchGuardHandler        1000abe8 f   libvcruntime:trnsctrl.obj
 0001:00009c19       __CreateFrameInfo          1000ac19 f   libvcruntime:trnsctrl.obj
 0001:00009c3d       __FindAndUnlinkFrame       1000ac3d f   libvcruntime:trnsctrl.obj
 0001:00009c87       __IsExceptionObjectToBeDestroyed 1000ac87 f   libvcruntime:trnsctrl.obj
 0001:00009cad       __TranslatorGuardHandler   1000acad f   libvcruntime:trnsctrl.obj
 0001:00009d4c       ___CxxFrameHandler3        1000ad4c f   libvcruntime:trnsctrl.obj
 0001:00009d82       @_guard_check_icall_nop@4  1000ad82 f   LIBCMT:guard_support.obj
 0001:00009d82       ___except_validate_jump_buffer 1000ad82 f   libvcruntime:jbcxrval.obj
 0001:00009d82       ___except_validate_context_record 1000ad82 f   libvcruntime:jbcxrval.obj
 0001:00009d83       ___vcrt_initialize_pure_virtual_call_handler 1000ad83 f   libvcruntime:purevirt_data.obj
 0001:00009da0       __local_unwind4            1000ada0 f   libvcruntime:_exsup4_.obj
 0001:00009e76       __seh_longjmp_unwind4@4    1000ae76 f   libvcruntime:_exsup4_.obj
 0001:00009e9e       @_EH4_CallFilterFunc@8     1000ae9e f   libvcruntime:_exsup4_.obj
 0001:00009eb5       @_EH4_TransferToHandler@8  1000aeb5 f   libvcruntime:_exsup4_.obj
 0001:00009ece       @_EH4_GlobalUnwind2@8      1000aece f   libvcruntime:_exsup4_.obj
 0001:00009ee7       @_EH4_LocalUnwind@16       1000aee7 f   libvcruntime:_exsup4_.obj
 0001:00009efe       ___vcrt_initialize_locks   1000aefe f   libvcruntime:locks.obj
 0001:00009f3a       ___vcrt_uninitialize_locks 1000af3a f   libvcruntime:locks.obj
 0001:00009f69       ??$__crt_fast_encode_pointer@PAP6AXXZ@@YAPAP6AXXZQAP6AXXZ@Z 1000af69 f i LIBCMT:utility.obj
 0001:00009f69       ??$__crt_fast_encode_pointer@PAX@@YAPAXQAX@Z 1000af69 f i libvcruntime:winapi_downlevel.obj
 0001:0000a0a7       ___vcrt_FlsAlloc           1000b0a7 f   libvcruntime:winapi_downlevel.obj
 0001:0000a0e1       ___vcrt_FlsFree            1000b0e1 f   libvcruntime:winapi_downlevel.obj
 0001:0000a11b       ___vcrt_FlsGetValue        1000b11b f   libvcruntime:winapi_downlevel.obj
 0001:0000a155       ___vcrt_FlsSetValue        1000b155 f   libvcruntime:winapi_downlevel.obj
 0001:0000a192       ___vcrt_InitializeCriticalSectionEx 1000b192 f   libvcruntime:winapi_downlevel.obj
 0001:0000a1d8       ___vcrt_initialize_winapi_thunks 1000b1d8 f   libvcruntime:winapi_downlevel.obj
 0001:0000a212       ___vcrt_uninitialize_winapi_thunks 1000b212 f   libvcruntime:winapi_downlevel.obj
 0001:0000a250       __global_unwind2           1000b250 f   libvcruntime:_exsup_.obj
 0001:0000a2b5       __local_unwind2            1000b2b5 f   libvcruntime:_exsup_.obj
 0001:0000a339       __abnormal_termination     1000b339 f   libvcruntime:_exsup_.obj
 0001:0000a35c       __NLG_Notify1              1000b35c f   libvcruntime:_exsup_.obj
 0001:0000a365       __NLG_Notify               1000b365 f   libvcruntime:_exsup_.obj
 0001:0000a37c       __NLG_Dispatch             1000b37c     libvcruntime:_exsup_.obj
 0001:0000a37c       __NLG_Dispatch2            1000b37c     libvcruntime:_exsup_.obj
 0001:0000a384       __NLG_Call                 1000b384 f   libvcruntime:_exsup_.obj
 0001:0000a386       __NLG_Return2              1000b386     libvcruntime:_exsup_.obj
 0001:0000a403       __get_sys_err_msg          1000b403 f i libucrt:strerror.obj
 0001:0000a427       _strerror                  1000b427 f   libucrt:strerror.obj
 0001:0000a432       ___acrt_call_reportfault   1000b432 f   libucrt:invalid_parameter.obj
 0001:0000a56d       ___acrt_initialize_invalid_parameter_handler 1000b56d f   libucrt:invalid_parameter.obj
 0001:0000a581       __invalid_parameter        1000b581 f   libucrt:invalid_parameter.obj
 0001:0000a5fc       __invalid_parameter_noinfo 1000b5fc f   libucrt:invalid_parameter.obj
 0001:0000a60c       __invalid_parameter_noinfo_noreturn 1000b60c f   libucrt:invalid_parameter.obj
 0001:0000a629       __invoke_watson            1000b629 f   libucrt:invalid_parameter.obj
 0001:0000acc0       ??$ftprintf@PAU_iobuf@@PB_WABQB_WABQB_WABI@?$__crt_char_traits@_W@@SAH$$QAPAU_iobuf@@$$QAPB_WABQB_W2ABI@Z 1000bcc0 f i libucrt:assert.obj
 0001:0000ad9f       __vfwprintf_l              1000bd9f f i libucrt:assert.obj
 0001:0000adc4       __vswprintf_c_l            1000bdc4 f i libucrt:assert.obj
 0001:0000adf3       __wassert                  1000bdf3 f   libucrt:assert.obj
 0001:0000ae3b       _fwprintf                  1000be3b f i libucrt:assert.obj
 0001:0000ae56       _swprintf                  1000be56 f i libucrt:assert.obj
 0001:0000ae74       ??0_LocaleUpdate@@QAE@QAU__crt_locale_pointers@@@Z 1000be74 f i libucrt:stricmp.obj
 0001:0000aef7       ___ascii_stricmp           1000bef7 f   libucrt:stricmp.obj
 0001:0000af32       __stricmp                  1000bf32 f   libucrt:stricmp.obj
 0001:0000af7a       __stricmp_l                1000bf7a f   libucrt:stricmp.obj
 0001:0000b014       ___acrt_errno_from_os_error 1000c014 f   libucrt:errno.obj
 0001:0000b057       ___acrt_errno_map_os_error 1000c057 f   libucrt:errno.obj
 0001:0000b07a       ___doserrno                1000c07a f   libucrt:errno.obj
 0001:0000b08d       __errno                    1000c08d f   libucrt:errno.obj
 0001:0000b0a0       _abort                     1000c0a0 f   libucrt:abort.obj
 0001:0000b0e3       _free                      1000c0e3 f   libucrt:free.obj
 0001:0000b0e8       _malloc                    1000c0e8 f   libucrt:malloc.obj
 0001:0000b0f3       ___acrt_initialize_stdio   1000c0f3 f   libucrt:_file.obj
 0001:0000b1bb       ___acrt_iob_func           1000c1bb f   libucrt:_file.obj
 0001:0000b1cb       ___acrt_uninitialize_stdio 1000c1cb f   libucrt:_file.obj
 0001:0000b217       __lock_file                1000c217 f   libucrt:_file.obj
 0001:0000b22b       __unlock_file              1000c22b f   libucrt:_file.obj
 0001:0000b23f       ??$?RV<lambda_ab9923ffb5d694ec0d78876dd103e44f>@@AAV<lambda_481dd5778c961fbcd3b60b650e9b9dc4>@@V<lambda_7923d86c9e3f319b415918ec4b39749c>@@@?$__crt_seh_guarded_call@H@@QAEH$$QAV<lambda_ab9923ffb5d694ec0d78876dd103e44f>@@AAV<lambda_481dd5778c961fbcd3b60b650e9b9dc4>@@$$QAV<lambda_7923d86c9e3f319b415918ec4b39749c>@@@Z 1000c23f f i libucrt:output.obj
 0001:0000b290       ??$?RV<lambda_db08b09ef7aa9d4f8620ce68402612bc>@@AAV<lambda_4f2c1eaeead2a5fc776db5b62ea0fb9b>@@V<lambda_3ae262bc35d4ba6a3825c4f6bcaaf95c>@@@?$__crt_seh_guarded_call@H@@QAEH$$QAV<lambda_db08b09ef7aa9d4f8620ce68402612bc>@@AAV<lambda_4f2c1eaeead2a5fc776db5b62ea0fb9b>@@$$QAV<lambda_3ae262bc35d4ba6a3825c4f6bcaaf95c>@@@Z 1000c290 f i libucrt:output.obj
 0001:0000b2e1       ??$__acrt_lock_stream_and_call@V<lambda_481dd5778c961fbcd3b60b650e9b9dc4>@@@@YAHQAU_iobuf@@$$QAV<lambda_481dd5778c961fbcd3b60b650e9b9dc4>@@@Z 1000c2e1 f i libucrt:output.obj
 0001:0000b309       ??$__acrt_lock_stream_and_call@V<lambda_4f2c1eaeead2a5fc776db5b62ea0fb9b>@@@@YAHQAU_iobuf@@$$QAV<lambda_4f2c1eaeead2a5fc776db5b62ea0fb9b>@@@Z 1000c309 f i libucrt:output.obj
 0001:0000b4b6       ??$count@D@formatting_buffer@__crt_stdio_output@@QBEIXZ 1000c4b6 f i libucrt:output.obj
 0001:0000b4ce       ??$ensure_buffer_is_big_enough@D@formatting_buffer@__crt_stdio_output@@QAE_NI@Z 1000c4ce f i libucrt:output.obj
 0001:0000b554       ??$is_wide_character_specifier@D@__crt_stdio_output@@YA_N_KDW4length_modifier@0@@Z 1000c554 f i libucrt:output.obj
 0001:0000b594       ??$is_wide_character_specifier@_W@__crt_stdio_output@@YA_N_K_WW4length_modifier@0@@Z 1000c594 f i libucrt:output.obj
 0001:0000b5e3       ??$scratch_data@D@formatting_buffer@__crt_stdio_output@@QAEPADXZ 1000c5e3 f i libucrt:output.obj
 0001:0000b601       ??$type_case_integer_parse_into_buffer@I@?$output_processor@_WV?$stream_output_adapter@_W@__crt_stdio_output@@V?$standard_base@_WV?$stream_output_adapter@_W@__crt_stdio_output@@@2@@__crt_stdio_output@@AAEXII_N@Z 1000c601 f i libucrt:output.obj
 0001:0000b601       ??$type_case_integer_parse_into_buffer@I@?$output_processor@DV?$stream_output_adapter@D@__crt_stdio_output@@V?$standard_base@DV?$stream_output_adapter@D@__crt_stdio_output@@@2@@__crt_stdio_output@@AAEXII_N@Z 1000c601 f i libucrt:output.obj
 0001:0000b601       ??$type_case_integer_parse_into_buffer@I@?$output_processor@_WV?$string_output_adapter@_W@__crt_stdio_output@@V?$standard_base@_WV?$string_output_adapter@_W@__crt_stdio_output@@@2@@__crt_stdio_output@@AAEXII_N@Z 1000c601 f i libucrt:output.obj
 0001:0000b676       ??$type_case_integer_parse_into_buffer@_K@?$output_processor@_WV?$stream_output_adapter@_W@__crt_stdio_output@@V?$standard_base@_WV?$stream_output_adapter@_W@__crt_stdio_output@@@2@@__crt_stdio_output@@AAEX_KI_N@Z 1000c676 f i libucrt:output.obj
 0001:0000b676       ??$type_case_integer_parse_into_buffer@_K@?$output_processor@DV?$stream_output_adapter@D@__crt_stdio_output@@V?$standard_base@DV?$stream_output_adapter@D@__crt_stdio_output@@@2@@__crt_stdio_output@@AAEX_KI_N@Z 1000c676 f i libucrt:output.obj
 0001:0000b676       ??$type_case_integer_parse_into_buffer@_K@?$output_processor@_WV?$string_output_adapter@_W@__crt_stdio_output@@V?$standard_base@_WV?$string_output_adapter@_W@__crt_stdio_output@@@2@@__crt_stdio_output@@AAEX_KI_N@Z 1000c676 f i libucrt:output.obj
 0001:0000b6fe       ??$write_multiple_characters@V?$stream_output_adapter@D@__crt_stdio_output@@D@__crt_stdio_output@@YAXABV?$stream_output_adapter@D@0@DHQAH@Z 1000c6fe f i libucrt:output.obj
 0001:0000b72a       ??$write_multiple_characters@V?$stream_output_adapter@_W@__crt_stdio_output@@D@__crt_stdio_output@@YAXABV?$stream_output_adapter@_W@0@DHQAH@Z 1000c72a f i libucrt:output.obj
 0001:0000b75b       ??$write_multiple_characters@V?$string_output_adapter@_W@__crt_stdio_output@@D@__crt_stdio_output@@YAXABV?$string_output_adapter@_W@0@DHQAH@Z 1000c75b f i libucrt:output.obj
 0001:0000b78c       ??0?$common_data@D@__crt_stdio_output@@IAE@XZ 1000c78c f i libucrt:output.obj
 0001:0000b7d3       ??0?$common_data@_W@__crt_stdio_output@@IAE@XZ 1000c7d3 f i libucrt:output.obj
 0001:0000b81f       ??0?$output_adapter_data@DV?$stream_output_adapter@D@__crt_stdio_output@@@__crt_stdio_output@@IAE@ABV?$stream_output_adapter@D@1@_KQBDQAU__crt_locale_pointers@@QAD@Z 1000c81f f i libucrt:output.obj
 0001:0000b85b       ??0?$output_adapter_data@_WV?$string_output_adapter@_W@__crt_stdio_output@@@__crt_stdio_output@@IAE@ABV?$string_output_adapter@_W@1@_KQB_WQAU__crt_locale_pointers@@QAD@Z 1000c85b f i libucrt:output.obj
 0001:0000b85b       ??0?$output_adapter_data@_WV?$stream_output_adapter@_W@__crt_stdio_output@@@__crt_stdio_output@@IAE@ABV?$stream_output_adapter@_W@1@_KQB_WQAU__crt_locale_pointers@@QAD@Z 1000c85b f i libucrt:output.obj
 0001:0000b897       ??0?$output_processor@DV?$stream_output_adapter@D@__crt_stdio_output@@V?$standard_base@DV?$stream_output_adapter@D@__crt_stdio_output@@@2@@__crt_stdio_output@@QAE@ABV?$stream_output_adapter@D@1@_KQBDQAU__crt_locale_pointers@@QAD@Z 1000c897 f i libucrt:output.obj
 0001:0000b8cc       ??0?$output_processor@_WV?$string_output_adapter@_W@__crt_stdio_output@@V?$standard_base@_WV?$string_output_adapter@_W@__crt_stdio_output@@@2@@__crt_stdio_output@@QAE@ABV?$string_output_adapter@_W@1@_KQB_WQAU__crt_locale_pointers@@QAD@Z 1000c8cc f i libucrt:output.obj
 0001:0000b8cc       ??0?$output_processor@_WV?$stream_output_adapter@_W@__crt_stdio_output@@V?$standard_base@_WV?$stream_output_adapter@_W@__crt_stdio_output@@@2@@__crt_stdio_output@@QAE@ABV?$stream_output_adapter@_W@1@_KQB_WQAU__crt_locale_pointers@@QAD@Z 1000c8cc f i libucrt:output.obj
 0001:0000b901       ??1formatting_buffer@__crt_stdio_output@@QAE@XZ 1000c901 f i libucrt:output.obj
 0001:0000b91b       ??4?$__crt_unique_heap_ptr@DU__crt_internal_free_policy@@@@QAEAAV0@$$QAV0@@Z 1000c91b f i libucrt:output.obj
 0001:0000bab9       ?crop_zeroes@__crt_stdio_output@@YAXPADQAU__crt_locale_pointers@@@Z 1000cab9 f i libucrt:output.obj
 0001:0000bb10       ?find_next_state@?$output_processor@DV?$stream_output_adapter@D@__crt_stdio_output@@V?$standard_base@DV?$stream_output_adapter@D@__crt_stdio_output@@@2@@__crt_stdio_output@@ABE?AW4state@2@DW432@@Z 1000cb10 f i libucrt:output.obj
 0001:0000bb42       ?find_next_state@?$output_processor@_WV?$string_output_adapter@_W@__crt_stdio_output@@V?$standard_base@_WV?$string_output_adapter@_W@__crt_stdio_output@@@2@@__crt_stdio_output@@ABE?AW4state@2@_WW432@@Z 1000cb42 f i libucrt:output.obj
 0001:0000bb42       ?find_next_state@?$output_processor@_WV?$stream_output_adapter@_W@__crt_stdio_output@@V?$standard_base@_WV?$stream_output_adapter@_W@__crt_stdio_output@@@2@@__crt_stdio_output@@ABE?AW4state@2@_WW432@@Z 1000cb42 f i libucrt:output.obj
 0001:0000bb76       ?force_decimal_point@__crt_stdio_output@@YAXPADQAU__crt_locale_pointers@@@Z 1000cb76 f i libucrt:output.obj
 0001:0000bbd2       ?parse_int_from_format_string@?$output_processor@DV?$stream_output_adapter@D@__crt_stdio_output@@V?$standard_base@DV?$stream_output_adapter@D@__crt_stdio_output@@@2@@__crt_stdio_output@@AAE_NQAH@Z 1000cbd2 f i libucrt:output.obj
 0001:0000bc2e       ?parse_int_from_format_string@?$output_processor@_WV?$stream_output_adapter@_W@__crt_stdio_output@@V?$standard_base@_WV?$stream_output_adapter@_W@__crt_stdio_output@@@2@@__crt_stdio_output@@AAE_NQAH@Z 1000cc2e f i libucrt:output.obj
 0001:0000bc2e       ?parse_int_from_format_string@?$output_processor@_WV?$string_output_adapter@_W@__crt_stdio_output@@V?$standard_base@_WV?$string_output_adapter@_W@__crt_stdio_output@@@2@@__crt_stdio_output@@AAE_NQAH@Z 1000cc2e f i libucrt:output.obj
 0001:0000bc8c       ?process@?$output_processor@DV?$stream_output_adapter@D@__crt_stdio_output@@V?$standard_base@DV?$stream_output_adapter@D@__crt_stdio_output@@@2@@__crt_stdio_output@@QAEHXZ 1000cc8c f i libucrt:output.obj
 0001:0000bda8       ?process@?$output_processor@_WV?$stream_output_adapter@_W@__crt_stdio_output@@V?$standard_base@_WV?$stream_output_adapter@_W@__crt_stdio_output@@@2@@__crt_stdio_output@@QAEHXZ 1000cda8 f i libucrt:output.obj
 0001:0000bec8       ?process@?$output_processor@_WV?$string_output_adapter@_W@__crt_stdio_output@@V?$standard_base@_WV?$string_output_adapter@_W@__crt_stdio_output@@@2@@__crt_stdio_output@@QAEHXZ 1000cec8 f i libucrt:output.obj
 0001:0000bfe8       ?state_case_flag@?$output_processor@DV?$stream_output_adapter@D@__crt_stdio_output@@V?$standard_base@DV?$stream_output_adapter@D@__crt_stdio_output@@@2@@__crt_stdio_output@@AAE_NXZ 1000cfe8 f i libucrt:output.obj
 0001:0000c025       ?state_case_flag@?$output_processor@_WV?$string_output_adapter@_W@__crt_stdio_output@@V?$standard_base@_WV?$string_output_adapter@_W@__crt_stdio_output@@@2@@__crt_stdio_output@@AAE_NXZ 1000d025 f i libucrt:output.obj
 0001:0000c025       ?state_case_flag@?$output_processor@_WV?$stream_output_adapter@_W@__crt_stdio_output@@V?$standard_base@_WV?$stream_output_adapter@_W@__crt_stdio_output@@@2@@__crt_stdio_output@@AAE_NXZ 1000d025 f i libucrt:output.obj
 0001:0000c062       ?state_case_normal@?$output_processor@DV?$stream_output_adapter@D@__crt_stdio_output@@V?$standard_base@DV?$stream_output_adapter@D@__crt_stdio_output@@@2@@__crt_stdio_output@@AAE_NXZ 1000d062 f i libucrt:output.obj
 0001:0000c081       ?state_case_normal@?$output_processor@_WV?$stream_output_adapter@_W@__crt_stdio_output@@V?$standard_base@_WV?$stream_output_adapter@_W@__crt_stdio_output@@@2@@__crt_stdio_output@@AAE_NXZ 1000d081 f i libucrt:output.obj
 0001:0000c0a0       ?state_case_normal@?$output_processor@_WV?$string_output_adapter@_W@__crt_stdio_output@@V?$standard_base@_WV?$string_output_adapter@_W@__crt_stdio_output@@@2@@__crt_stdio_output@@AAE_NXZ 1000d0a0 f i libucrt:output.obj
 0001:0000c0bf       ?state_case_normal_common@?$output_processor@DV?$stream_output_adapter@D@__crt_stdio_output@@V?$standard_base@DV?$stream_output_adapter@D@__crt_stdio_output@@@2@@__crt_stdio_output@@AAE_NXZ 1000d0bf f i libucrt:output.obj
 0001:0000c0e9       ?state_case_normal_common@?$output_processor@_WV?$stream_output_adapter@_W@__crt_stdio_output@@V?$standard_base@_WV?$stream_output_adapter@_W@__crt_stdio_output@@@2@@__crt_stdio_output@@AAE_NXZ 1000d0e9 f i libucrt:output.obj
 0001:0000c104       ?state_case_normal_common@?$output_processor@_WV?$string_output_adapter@_W@__crt_stdio_output@@V?$standard_base@_WV?$string_output_adapter@_W@__crt_stdio_output@@@2@@__crt_stdio_output@@AAE_NXZ 1000d104 f i libucrt:output.obj
 0001:0000c11f       ?state_case_normal_tchar@?$output_processor@DV?$stream_output_adapter@D@__crt_stdio_output@@V?$standard_base@DV?$stream_output_adapter@D@__crt_stdio_output@@@2@@__crt_stdio_output@@AAE_ND@Z 1000d11f f i libucrt:output.obj
 0001:0000c180       ?state_case_precision@?$output_processor@DV?$stream_output_adapter@D@__crt_stdio_output@@V?$standard_base@DV?$stream_output_adapter@D@__crt_stdio_output@@@2@@__crt_stdio_output@@AAE_NXZ 1000d180 f i libucrt:output.obj
 0001:0000c1a8       ?state_case_precision@?$output_processor@_WV?$stream_output_adapter@_W@__crt_stdio_output@@V?$standard_base@_WV?$stream_output_adapter@_W@__crt_stdio_output@@@2@@__crt_stdio_output@@AAE_NXZ 1000d1a8 f i libucrt:output.obj
 0001:0000c1a8       ?state_case_precision@?$output_processor@_WV?$string_output_adapter@_W@__crt_stdio_output@@V?$standard_base@_WV?$string_output_adapter@_W@__crt_stdio_output@@@2@@__crt_stdio_output@@AAE_NXZ 1000d1a8 f i libucrt:output.obj
 0001:0000c1d1       ?state_case_size@?$output_processor@DV?$stream_output_adapter@D@__crt_stdio_output@@V?$standard_base@DV?$stream_output_adapter@D@__crt_stdio_output@@@2@@__crt_stdio_output@@AAE_NXZ 1000d1d1 f i libucrt:output.obj
 0001:0000c33a       ?state_case_size@?$output_processor@_WV?$stream_output_adapter@_W@__crt_stdio_output@@V?$standard_base@_WV?$stream_output_adapter@_W@__crt_stdio_output@@@2@@__crt_stdio_output@@AAE_NXZ 1000d33a f i libucrt:output.obj
 0001:0000c4b6       ?state_case_size@?$output_processor@_WV?$string_output_adapter@_W@__crt_stdio_output@@V?$standard_base@_WV?$string_output_adapter@_W@__crt_stdio_output@@@2@@__crt_stdio_output@@AAE_NXZ 1000d4b6 f i libucrt:output.obj
 0001:0000c632       ?state_case_type@?$output_processor@DV?$stream_output_adapter@D@__crt_stdio_output@@V?$standard_base@DV?$stream_output_adapter@D@__crt_stdio_output@@@2@@__crt_stdio_output@@AAE_NXZ 1000d632 f i libucrt:output.obj
 0001:0000c861       ?state_case_type@?$output_processor@_WV?$stream_output_adapter@_W@__crt_stdio_output@@V?$standard_base@_WV?$stream_output_adapter@_W@__crt_stdio_output@@@2@@__crt_stdio_output@@AAE_NXZ 1000d861 f i libucrt:output.obj
 0001:0000cabe       ?state_case_type@?$output_processor@_WV?$string_output_adapter@_W@__crt_stdio_output@@V?$standard_base@_WV?$string_output_adapter@_W@__crt_stdio_output@@@2@@__crt_stdio_output@@AAE_NXZ 1000dabe f i libucrt:output.obj
 0001:0000cd1b       ?state_case_width@?$output_processor@DV?$stream_output_adapter@D@__crt_stdio_output@@V?$standard_base@DV?$stream_output_adapter@D@__crt_stdio_output@@@2@@__crt_stdio_output@@AAE_NXZ 1000dd1b f i libucrt:output.obj
 0001:0000cd46       ?state_case_width@?$output_processor@_WV?$stream_output_adapter@_W@__crt_stdio_output@@V?$standard_base@_WV?$stream_output_adapter@_W@__crt_stdio_output@@@2@@__crt_stdio_output@@AAE_NXZ 1000dd46 f i libucrt:output.obj
 0001:0000cd46       ?state_case_width@?$output_processor@_WV?$string_output_adapter@_W@__crt_stdio_output@@V?$standard_base@_WV?$string_output_adapter@_W@__crt_stdio_output@@@2@@__crt_stdio_output@@AAE_NXZ 1000dd46 f i libucrt:output.obj
 0001:0000cd72       ?to_integer_size@__crt_stdio_output@@YAIW4length_modifier@1@@Z 1000dd72 f i libucrt:output.obj
 0001:0000cdce       ?type_case_Z@?$output_processor@DV?$stream_output_adapter@D@__crt_stdio_output@@V?$standard_base@DV?$stream_output_adapter@D@__crt_stdio_output@@@2@@__crt_stdio_output@@AAE_NXZ 1000ddce f i libucrt:output.obj
 0001:0000ce31       ?type_case_Z@?$output_processor@_WV?$string_output_adapter@_W@__crt_stdio_output@@V?$standard_base@_WV?$string_output_adapter@_W@__crt_stdio_output@@@2@@__crt_stdio_output@@AAE_NXZ 1000de31 f i libucrt:output.obj
 0001:0000ce31       ?type_case_Z@?$output_processor@_WV?$stream_output_adapter@_W@__crt_stdio_output@@V?$standard_base@_WV?$stream_output_adapter@_W@__crt_stdio_output@@@2@@__crt_stdio_output@@AAE_NXZ 1000de31 f i libucrt:output.obj
 0001:0000ce94       ?type_case_a@?$output_processor@DV?$stream_output_adapter@D@__crt_stdio_output@@V?$standard_base@DV?$stream_output_adapter@D@__crt_stdio_output@@@2@@__crt_stdio_output@@AAE_NXZ 1000de94 f i libucrt:output.obj
 0001:0000cfee       ?type_case_a@?$output_processor@_WV?$string_output_adapter@_W@__crt_stdio_output@@V?$standard_base@_WV?$string_output_adapter@_W@__crt_stdio_output@@@2@@__crt_stdio_output@@AAE_NXZ 1000dfee f i libucrt:output.obj
 0001:0000cfee       ?type_case_a@?$output_processor@_WV?$stream_output_adapter@_W@__crt_stdio_output@@V?$standard_base@_WV?$stream_output_adapter@_W@__crt_stdio_output@@@2@@__crt_stdio_output@@AAE_NXZ 1000dfee f i libucrt:output.obj
 0001:0000d160       ?type_case_c_tchar@?$output_processor@DV?$stream_output_adapter@D@__crt_stdio_output@@V?$standard_base@DV?$stream_output_adapter@D@__crt_stdio_output@@@2@@__crt_stdio_output@@AAE_ND@Z 1000e160 f i libucrt:output.obj
 0001:0000d1f0       ?type_case_c_tchar@?$output_processor@_WV?$stream_output_adapter@_W@__crt_stdio_output@@V?$standard_base@_WV?$stream_output_adapter@_W@__crt_stdio_output@@@2@@__crt_stdio_output@@AAE_N_W@Z 1000e1f0 f i libucrt:output.obj
 0001:0000d1f0       ?type_case_c_tchar@?$output_processor@_WV?$string_output_adapter@_W@__crt_stdio_output@@V?$standard_base@_WV?$string_output_adapter@_W@__crt_stdio_output@@@2@@__crt_stdio_output@@AAE_N_W@Z 1000e1f0 f i libucrt:output.obj
 0001:0000d288       ?type_case_integer@?$output_processor@DV?$stream_output_adapter@D@__crt_stdio_output@@V?$standard_base@DV?$stream_output_adapter@D@__crt_stdio_output@@@2@@__crt_stdio_output@@AAE_NI_N@Z 1000e288 f i libucrt:output.obj
 0001:0000d288       ?type_case_integer@?$output_processor@_WV?$string_output_adapter@_W@__crt_stdio_output@@V?$standard_base@_WV?$string_output_adapter@_W@__crt_stdio_output@@@2@@__crt_stdio_output@@AAE_NI_N@Z 1000e288 f i libucrt:output.obj
 0001:0000d288       ?type_case_integer@?$output_processor@_WV?$stream_output_adapter@_W@__crt_stdio_output@@V?$standard_base@_WV?$stream_output_adapter@_W@__crt_stdio_output@@@2@@__crt_stdio_output@@AAE_NI_N@Z 1000e288 f i libucrt:output.obj
 0001:0000d3d2       ?type_case_n@?$output_processor@_WV?$stream_output_adapter@_W@__crt_stdio_output@@V?$standard_base@_WV?$stream_output_adapter@_W@__crt_stdio_output@@@2@@__crt_stdio_output@@AAE_NXZ 1000e3d2 f i libucrt:output.obj
 0001:0000d3d2       ?type_case_n@?$output_processor@DV?$stream_output_adapter@D@__crt_stdio_output@@V?$standard_base@DV?$stream_output_adapter@D@__crt_stdio_output@@@2@@__crt_stdio_output@@AAE_NXZ 1000e3d2 f i libucrt:output.obj
 0001:0000d3d2       ?type_case_n@?$output_processor@_WV?$string_output_adapter@_W@__crt_stdio_output@@V?$standard_base@_WV?$string_output_adapter@_W@__crt_stdio_output@@@2@@__crt_stdio_output@@AAE_NXZ 1000e3d2 f i libucrt:output.obj
 0001:0000d446       ?type_case_o@?$output_processor@DV?$stream_output_adapter@D@__crt_stdio_output@@V?$standard_base@DV?$stream_output_adapter@D@__crt_stdio_output@@@2@@__crt_stdio_output@@AAE_NXZ 1000e446 f i libucrt:output.obj
 0001:0000d446       ?type_case_o@?$output_processor@_WV?$stream_output_adapter@_W@__crt_stdio_output@@V?$standard_base@_WV?$stream_output_adapter@_W@__crt_stdio_output@@@2@@__crt_stdio_output@@AAE_NXZ 1000e446 f i libucrt:output.obj
 0001:0000d446       ?type_case_o@?$output_processor@_WV?$string_output_adapter@_W@__crt_stdio_output@@V?$standard_base@_WV?$string_output_adapter@_W@__crt_stdio_output@@@2@@__crt_stdio_output@@AAE_NXZ 1000e446 f i libucrt:output.obj
 0001:0000d465       ?type_case_p@?$output_processor@_WV?$string_output_adapter@_W@__crt_stdio_output@@V?$standard_base@_WV?$string_output_adapter@_W@__crt_stdio_output@@@2@@__crt_stdio_output@@AAE_NXZ 1000e465 f i libucrt:output.obj
 0001:0000d465       ?type_case_p@?$output_processor@DV?$stream_output_adapter@D@__crt_stdio_output@@V?$standard_base@DV?$stream_output_adapter@D@__crt_stdio_output@@@2@@__crt_stdio_output@@AAE_NXZ 1000e465 f i libucrt:output.obj
 0001:0000d465       ?type_case_p@?$output_processor@_WV?$stream_output_adapter@_W@__crt_stdio_output@@V?$standard_base@_WV?$stream_output_adapter@_W@__crt_stdio_output@@@2@@__crt_stdio_output@@AAE_NXZ 1000e465 f i libucrt:output.obj
 0001:0000d47d       ?type_case_s@?$output_processor@DV?$stream_output_adapter@D@__crt_stdio_output@@V?$standard_base@DV?$stream_output_adapter@D@__crt_stdio_output@@@2@@__crt_stdio_output@@AAE_NXZ 1000e47d f i libucrt:output.obj
 0001:0000d4f0       ?type_case_s@?$output_processor@_WV?$string_output_adapter@_W@__crt_stdio_output@@V?$standard_base@_WV?$string_output_adapter@_W@__crt_stdio_output@@@2@@__crt_stdio_output@@AAE_NXZ 1000e4f0 f i libucrt:output.obj
 0001:0000d4f0       ?type_case_s@?$output_processor@_WV?$stream_output_adapter@_W@__crt_stdio_output@@V?$standard_base@_WV?$stream_output_adapter@_W@__crt_stdio_output@@@2@@__crt_stdio_output@@AAE_NXZ 1000e4f0 f i libucrt:output.obj
 0001:0000d564       ?type_case_s_compute_narrow_string_length@?$output_processor@_WV?$string_output_adapter@_W@__crt_stdio_output@@V?$standard_base@_WV?$string_output_adapter@_W@__crt_stdio_output@@@2@@__crt_stdio_output@@ABEHH_W@Z 1000e564 f i libucrt:output.obj
 0001:0000d564       ?type_case_s_compute_narrow_string_length@?$output_processor@_WV?$stream_output_adapter@_W@__crt_stdio_output@@V?$standard_base@_WV?$stream_output_adapter@_W@__crt_stdio_output@@@2@@__crt_stdio_output@@ABEHH_W@Z 1000e564 f i libucrt:output.obj
 0001:0000d5a4       ?validate@?$stream_output_adapter@D@__crt_stdio_output@@QBE_NXZ 1000e5a4 f i libucrt:output.obj
 0001:0000d5c5       ?validate@?$c_string_character_source@D@__crt_strtox@@QBE_NXZ 1000e5c5 f i libucrt:atox.obj
 0001:0000d5c5       ?validate@?$c_string_character_source@_W@__crt_strtox@@QBE_NXZ 1000e5c5 f i libucrt:atox.obj
 0001:0000d5c5       ?validate@?$stream_output_adapter@_W@__crt_stdio_output@@QBE_NXZ 1000e5c5 f i libucrt:output.obj
 0001:0000d5c5       ?validate@?$string_output_adapter@_W@__crt_stdio_output@@QBE_NXZ 1000e5c5 f i libucrt:output.obj
 0001:0000d5e0       ?validate_stream_is_ansi_if_required@?$__acrt_stdio_char_traits@D@@SA_NQAU_iobuf@@@Z 1000e5e0 f i libucrt:output.obj
 0001:0000d662       ?write_character@?$stream_output_adapter@D@__crt_stdio_output@@QBEXDQAH@Z 1000e662 f i libucrt:output.obj
 0001:0000d69f       ?write_character@?$stream_output_adapter@_W@__crt_stdio_output@@QBEX_WQAH@Z 1000e69f f i libucrt:output.obj
 0001:0000d6df       ?write_character@?$string_output_adapter@_W@__crt_stdio_output@@QBE_N_WQAH@Z 1000e6df f i libucrt:output.obj
 0001:0000d724       ?write_stored_string_tchar@?$output_processor@DV?$stream_output_adapter@D@__crt_stdio_output@@V?$standard_base@DV?$stream_output_adapter@D@__crt_stdio_output@@@2@@__crt_stdio_output@@AAE_ND@Z 1000e724 f i libucrt:output.obj
 0001:0000d7cb       ?write_stored_string_tchar@?$output_processor@_WV?$stream_output_adapter@_W@__crt_stdio_output@@V?$standard_base@_WV?$stream_output_adapter@_W@__crt_stdio_output@@@2@@__crt_stdio_output@@AAE_N_W@Z 1000e7cb f i libucrt:output.obj
 0001:0000d856       ?write_stored_string_tchar@?$output_processor@_WV?$string_output_adapter@_W@__crt_stdio_output@@V?$standard_base@_WV?$string_output_adapter@_W@__crt_stdio_output@@@2@@__crt_stdio_output@@AAE_N_W@Z 1000e856 f i libucrt:output.obj
 0001:0000d8e1       ?write_string@?$stream_output_adapter@D@__crt_stdio_output@@QBEXQBDHQAH1@Z 1000e8e1 f i libucrt:output.obj
 0001:0000d96b       ?write_string@?$stream_output_adapter@_W@__crt_stdio_output@@QBEXQB_WHQAH1@Z 1000e96b f i libucrt:output.obj
 0001:0000d9f8       ?write_string@?$string_output_adapter@_W@__crt_stdio_output@@QBEXQB_WHQAH1@Z 1000e9f8 f i libucrt:output.obj
 0001:0000da92       ___stdio_common_vfprintf   1000ea92 f   libucrt:output.obj
 0001:0000db09       ___stdio_common_vfwprintf  1000eb09 f   libucrt:output.obj
 0001:0000db80       ___stdio_common_vswprintf  1000eb80 f   libucrt:output.obj
 0001:0000dba4       ___acrt_initialize_new_handler 1000eba4 f   libucrt:new_handler.obj
 0001:0000dbb8       __callnewh                 1000ebb8 f   libucrt:new_handler.obj
 0001:0000dbfc       __query_new_handler        1000ebfc f   libucrt:new_handler.obj
 0001:0000dc4e       __initterm                 1000ec4e f   libucrt:initterm.obj
 0001:0000dcaa       __initterm_e               1000ecaa f   libucrt:initterm.obj
 0001:0000dcef       __seh_filter_dll           1000ecef f   libucrt:exception_filter.obj
 0001:0000dd0f       __seh_filter_exe           1000ed0f f   libucrt:exception_filter.obj
 0001:0000e09d       ___acrt_initialize_thread_local_exit_callback 1000f09d f   libucrt:exit.obj
 0001:0000e0ac       __cexit                    1000f0ac f   libucrt:exit.obj
 0001:0000e0bb       __exit                     1000f0bb f   libucrt:exit.obj
 0001:0000e0d1       __is_c_termination_complete 1000f0d1 f   libucrt:exit.obj
 0001:0000e370       ___acrt_allocate_buffer_for_argv 1000f370 f   libucrt:argv_parsing.obj
 0001:0000e3c5       __configure_narrow_argv    1000f3c5 f   libucrt:argv_parsing.obj
 0001:0000e529       ??$uninitialize@A6AXAAPAPAD@Z@?$dual_state_global@PAPAD@__crt_state_management@@QAEXA6AXAAPAPAD@Z@Z 1000f529 f i libucrt:environment_initialization.obj
 0001:0000e529       ??$uninitialize@A6AXAAPAPA_W@Z@?$dual_state_global@PAPA_W@__crt_state_management@@QAEXA6AXAAPAPA_W@Z@Z 1000f529 f i libucrt:environment_initialization.obj
 0001:0000e59f       ?initialize@?$dual_state_global@P6AHI@Z@__crt_state_management@@QAEXQ6AHI@Z@Z 1000f59f f i libucrt:new_handler.obj
 0001:0000e59f       ?initialize@?$dual_state_global@P6AXH@Z@__crt_state_management@@QAEXQ6AXH@Z@Z 1000f59f f i libucrt:signal.obj
 0001:0000e59f       ?initialize@?$dual_state_global@PAU__crt_locale_data@@@__crt_state_management@@QAEXQAU__crt_locale_data@@@Z 1000f59f f i libucrt:initialization.obj
 0001:0000e59f       ?initialize@?$dual_state_global@P6AHPAU_exception@@@Z@__crt_state_management@@QAEXQ6AHPAU_exception@@@Z@Z 1000f59f f i libucrt:matherr.obj
 0001:0000e59f       ?initialize@?$dual_state_global@P6AXPB_W00II@Z@__crt_state_management@@QAEXQ6AXPB_W00II@Z@Z 1000f59f f i libucrt:invalid_parameter.obj
 0001:0000e59f       ?initialize@?$dual_state_global@PAPAD@__crt_state_management@@QAEXQAPAD@Z 1000f59f f i libucrt:environment_initialization.obj
 0001:0000e5d0       ___dcrt_uninitialize_environments_nolock 1000f5d0 f   libucrt:environment_initialization.obj
 0001:0000e607       __initialize_narrow_environment 1000f607 f   libucrt:environment_initialization.obj
 0001:0000e60c       ??$?RV<lambda_800076c951b434888f4765a74a194fcc>@@AAV<lambda_4e60a939b0d047cfe11ddc22648dfba9>@@V<lambda_6dbb1268764f43b569ce7b67e331d33a>@@@?$__crt_seh_guarded_call@H@@QAEH$$QAV<lambda_800076c951b434888f4765a74a194fcc>@@AAV<lambda_4e60a939b0d047cfe11ddc22648dfba9>@@$$QAV<lambda_6dbb1268764f43b569ce7b67e331d33a>@@@Z 1000f60c f i libucrt:onexit.obj
 0001:0000e65d       ??$?RV<lambda_995298e7d72eb4c2aab26c0585b3abe5>@@AAV<lambda_275893d493268fdec8709772e3fcec0e>@@V<lambda_293819299cbf9a7022e18b56a874bb5c>@@@?$__crt_seh_guarded_call@H@@QAEH$$QAV<lambda_995298e7d72eb4c2aab26c0585b3abe5>@@AAV<lambda_275893d493268fdec8709772e3fcec0e>@@$$QAV<lambda_293819299cbf9a7022e18b56a874bb5c>@@@Z 1000f65d f i libucrt:onexit.obj
 0001:0000e6ae       ??$__acrt_lock_and_call@V<lambda_275893d493268fdec8709772e3fcec0e>@@@@YAHW4__acrt_lock_id@@$$QAV<lambda_275893d493268fdec8709772e3fcec0e>@@@Z 1000f6ae f i libucrt:onexit.obj
 0001:0000e6d6       ??$__acrt_lock_and_call@V<lambda_4e60a939b0d047cfe11ddc22648dfba9>@@@@YAHW4__acrt_lock_id@@$$QAV<lambda_4e60a939b0d047cfe11ddc22648dfba9>@@@Z 1000f6d6 f i libucrt:onexit.obj
 0001:0000e6fe       ??$__crt_fast_encode_pointer@P6AHXZ@@YAP6AHXZQ6AHXZ@Z 1000f6fe f i libucrt:onexit.obj
 0001:0000e97e       __crt_atexit               1000f97e f   libucrt:onexit.obj
 0001:0000e994       __execute_onexit_table     1000f994 f   libucrt:onexit.obj
 0001:0000e9b1       __initialize_onexit_table  1000f9b1 f   libucrt:onexit.obj
 0001:0000e9ee       __register_onexit_function 1000f9ee f   libucrt:onexit.obj
 0001:0000ea46       ___acrt_uninitialize_command_line 1000fa46 f   libucrt:argv_data.obj
 0001:0000eb06       ___acrt_initialize         1000fb06 f   libucrt:initialization.obj
 0001:0000eb18       ___acrt_thread_attach      1000fb18 f   libucrt:initialization.obj
 0001:0000eb23       ___acrt_thread_detach      1000fb23 f   libucrt:initialization.obj
 0001:0000eb2b       ___acrt_uninitialize       1000fb2b f   libucrt:initialization.obj
 0001:0000eb3d       ___acrt_uninitialize_critical 1000fb3d f   libucrt:initialization.obj
 0001:0000eb4f       _terminate                 1000fb4f f   libucrt:terminate.obj
 0001:0000eb8b       _strcpy_s                  1000fb8b f   libucrt:strcpy_s.obj
 0001:0000ebe5       __free_base                1000fbe5 f   libucrt:free_base.obj
 0001:0000ec1f       __malloc_base              1000fc1f f   libucrt:malloc_base.obj
 0001:0000ec6d       __calloc_base              1000fc6d f   libucrt:calloc_base.obj
 0001:0000ecca       ??$is_overflow_condition@K@__crt_strtox@@YA_NIK@Z 1000fcca f i libucrt:atox.obj
 0001:0000ecfd       ??$parse_integer@KV?$c_string_character_source@D@__crt_strtox@@@__crt_strtox@@YAKQAU__crt_locale_pointers@@V?$c_string_character_source@D@0@H_N@Z 1000fcfd f i libucrt:atox.obj
 0001:0000ef25       ??$parse_integer@KV?$c_string_character_source@_W@__crt_strtox@@@__crt_strtox@@YAKQAU__crt_locale_pointers@@V?$c_string_character_source@_W@0@H_N@Z 1000ff25 f i libucrt:atox.obj
 0001:0000f60a       ?unget@?$c_string_character_source@D@__crt_strtox@@QAEXD@Z 1001060a f i libucrt:atox.obj
 0001:0000f632       ?unget@?$c_string_character_source@_W@__crt_strtox@@QAEX_W@Z 10010632 f i libucrt:atox.obj
 0001:0000f65e       __chvalidchk_l             1001065e f i libucrt:atox.obj
 0001:0000f688       __ischartype_l             10010688 f i libucrt:atox.obj
 0001:0000f6bb       ___sys_errlist             100106bb f   libucrt:syserr.obj
 0001:0000f6c1       ___sys_nerr                100106c1 f   libucrt:syserr.obj
 0001:0000f778       _strncpy_s                 10010778 f   libucrt:strncpy_s.obj
 0001:0000f783       ??$?RV<lambda_3518db117f0e7cdb002338c5d3c47b6c>@@AAV<lambda_b2ea41f6bbb362cd97d94c6828d90b61>@@V<lambda_abdedf541bb04549bc734292b4a045d4>@@@?$__crt_seh_guarded_call@X@@QAEX$$QAV<lambda_3518db117f0e7cdb002338c5d3c47b6c>@@AAV<lambda_b2ea41f6bbb362cd97d94c6828d90b61>@@$$QAV<lambda_abdedf541bb04549bc734292b4a045d4>@@@Z 10010783 f i libucrt:per_thread_data.obj
 0001:0000f7d3       ??$?RV<lambda_51b6e8b1eb166f2a3faf91f424b38130>@@AAV<lambda_6250bd4b2a391816dd638c3bf72b0bcb>@@V<lambda_0b5a4a3e68152e1d9b943535f5f47bed>@@@?$__crt_seh_guarded_call@X@@QAEX$$QAV<lambda_51b6e8b1eb166f2a3faf91f424b38130>@@AAV<lambda_6250bd4b2a391816dd638c3bf72b0bcb>@@$$QAV<lambda_0b5a4a3e68152e1d9b943535f5f47bed>@@@Z 100107d3 f i libucrt:per_thread_data.obj
 0001:0000f834       ??$?RV<lambda_5b71d36f03204c0beab531769a5b5694>@@AAV<lambda_be2b3da3f62db62e9dad5dc70221a656>@@V<lambda_8f9ce462984622f9bf76b59e2aaaf805>@@@?$__crt_seh_guarded_call@X@@QAEX$$QAV<lambda_5b71d36f03204c0beab531769a5b5694>@@AAV<lambda_be2b3da3f62db62e9dad5dc70221a656>@@$$QAV<lambda_8f9ce462984622f9bf76b59e2aaaf805>@@@Z 10010834 f i libucrt:per_thread_data.obj
 0001:0000f87f       ??$?RV<lambda_9df27f884b057bc3edfc946cb5b7cf47>@@AAV<lambda_e69574bed617af4e071282c136b37893>@@V<lambda_cc0d902bcbbeb830f749456577db4721>@@@?$__crt_seh_guarded_call@X@@QAEX$$QAV<lambda_9df27f884b057bc3edfc946cb5b7cf47>@@AAV<lambda_e69574bed617af4e071282c136b37893>@@$$QAV<lambda_cc0d902bcbbeb830f749456577db4721>@@@Z 1001087f f i libucrt:per_thread_data.obj
 0001:0000f8c7       ??$__acrt_lock_and_call@V<lambda_6250bd4b2a391816dd638c3bf72b0bcb>@@@@YAXW4__acrt_lock_id@@$$QAV<lambda_6250bd4b2a391816dd638c3bf72b0bcb>@@@Z 100108c7 f i libucrt:per_thread_data.obj
 0001:0000f8ef       ??$__acrt_lock_and_call@V<lambda_b2ea41f6bbb362cd97d94c6828d90b61>@@@@YAXW4__acrt_lock_id@@$$QAV<lambda_b2ea41f6bbb362cd97d94c6828d90b61>@@@Z 100108ef f i libucrt:per_thread_data.obj
 0001:0000f917       ??$__acrt_lock_and_call@V<lambda_be2b3da3f62db62e9dad5dc70221a656>@@@@YAXW4__acrt_lock_id@@$$QAV<lambda_be2b3da3f62db62e9dad5dc70221a656>@@@Z 10010917 f i libucrt:per_thread_data.obj
 0001:0000f93f       ??$__acrt_lock_and_call@V<lambda_e69574bed617af4e071282c136b37893>@@@@YAXW4__acrt_lock_id@@$$QAV<lambda_e69574bed617af4e071282c136b37893>@@@Z 1001093f f i libucrt:per_thread_data.obj
 0001:0000faf5       ___acrt_freeptd            10010af5 f   libucrt:per_thread_data.obj
 0001:0000fb21       ___acrt_getptd             10010b21 f   libucrt:per_thread_data.obj
 0001:0000fba5       ___acrt_getptd_noexit      10010ba5 f   libucrt:per_thread_data.obj
 0001:0000fc2a       ___acrt_initialize_ptd     10010c2a f   libucrt:per_thread_data.obj
 0001:0000fc56       ___acrt_uninitialize_ptd   10010c56 f   libucrt:per_thread_data.obj
 0001:0000fc70       __query_app_type           10010c70 f   libucrt:report_runtime_error.obj
 0001:0000fd63       __itow_s                   10010d63 f   libucrt:xtoa.obj
 0001:0000fd98       __set_error_mode           10010d98 f   libucrt:set_error_mode.obj
 0001:0000fdd7       _wcscat_s                  10010dd7 f   libucrt:wcscat_s.obj
 0001:0000fe4c       _wcscpy_s                  10010e4c f   libucrt:wcscpy_s.obj
 0001:0000ff99       _wcsncat_s                 10010f99 f   libucrt:wcsncat_s.obj
 0001:0001009f       ___acrt_show_wide_message_box 1001109f f   libucrt:crtmbox.obj
 0001:000100aa       ___acrt_stdio_flush_nolock 100110aa f   libucrt:fflush.obj
 0001:00010110       __fflush_nolock            10011110 f   libucrt:fflush.obj
 0001:00010157       __flushall                 10011157 f   libucrt:fflush.obj
 0001:00010238       _fflush                    10011238 f   libucrt:fflush.obj
 0001:00010291       ??$?RV<lambda_d92cfe8357b99225085016881b624cb0>@@AAV<lambda_b721fa326cdb32351d23dfa67958c160>@@V<lambda_42d75b0848218ec137fa420c8ba9fdf9>@@@?$__crt_seh_guarded_call@H@@QAEH$$QAV<lambda_d92cfe8357b99225085016881b624cb0>@@AAV<lambda_b721fa326cdb32351d23dfa67958c160>@@$$QAV<lambda_42d75b0848218ec137fa420c8ba9fdf9>@@@Z 10011291 f i libucrt:setvbuf.obj
 0001:000102e2       ??$__acrt_lock_stream_and_call@V<lambda_b721fa326cdb32351d23dfa67958c160>@@@@YAHQAU_iobuf@@$$QAV<lambda_b721fa326cdb32351d23dfa67958c160>@@@Z 100112e2 f i libucrt:setvbuf.obj
 0001:000103d7       _setvbuf                   100113d7 f   libucrt:setvbuf.obj
 0001:0001044d       ??$?RV<lambda_a048d3beccc847880fc8490e18b82769>@@AAV<lambda_ec61778202f4f5fc7e7711acc23c3bca>@@V<lambda_f7496a158712204296dd6628a163878e>@@@?$__crt_seh_guarded_call@P6AXH@Z@@QAEP6AXH@Z$$QAV<lambda_a048d3beccc847880fc8490e18b82769>@@AAV<lambda_ec61778202f4f5fc7e7711acc23c3bca>@@$$QAV<lambda_f7496a158712204296dd6628a163878e>@@@Z 1001144d f i libucrt:signal.obj
 0001:000104a7       ??$__acrt_lock_and_call@V<lambda_ec61778202f4f5fc7e7711acc23c3bca>@@@@YAP6AXH@ZW4__acrt_lock_id@@$$QAV<lambda_ec61778202f4f5fc7e7711acc23c3bca>@@@Z 100114a7 f i libucrt:signal.obj
 0001:00010539       ___acrt_get_sigabrt_handler 10011539 f   libucrt:signal.obj
 0001:00010550       ___acrt_initialize_signal_handlers 10011550 f   libucrt:signal.obj
 0001:0001058b       ___fpecode                 1001158b f   libucrt:signal.obj
 0001:00010594       _raise                     10011594 f   libucrt:signal.obj
 0001:00010903       __tolower_l                10011903 f   libucrt:tolower_toupper.obj
 0001:0001091d       _tolower                   1001191d f   libucrt:tolower_toupper.obj
 0001:0001094d       ___acrt_update_locale_info 1001194d f   libucrt:locale_update.obj
 0001:0001097a       ___acrt_update_multibyte_info 1001197a f   libucrt:locale_update.obj
 0001:000109a7       ___acrt_set_locale_changed 100119a7 f   libucrt:wsetlocale.obj
 0001:000109b2       ___acrt_uninitialize_locale 100119b2 f   libucrt:wsetlocale.obj
 0001:00010b4f       ___acrt_FlsAlloc@4         10011b4f f   libucrt:winapi_thunks.obj
 0001:00010ba5       ___acrt_FlsFree@4          10011ba5 f   libucrt:winapi_thunks.obj
 0001:00010bfb       ___acrt_FlsGetValue@4      10011bfb f   libucrt:winapi_thunks.obj
 0001:00010c51       ___acrt_FlsSetValue@8      10011c51 f   libucrt:winapi_thunks.obj
 0001:00010caa       ___acrt_InitializeCriticalSectionEx@12 10011caa f   libucrt:winapi_thunks.obj
 0001:00010d0c       ___acrt_LCMapStringEx@36   10011d0c f   libucrt:winapi_thunks.obj
 0001:00010d94       ___acrt_LocaleNameToLCID@8 10011d94 f   libucrt:winapi_thunks.obj
 0001:00010df0       ___acrt_MessageBoxW@16     10011df0 f   libucrt:winapi_thunks.obj
 0001:00010e39       ___acrt_can_show_message_box 10011e39 f   libucrt:winapi_thunks.obj
 0001:00010e52       ___acrt_get_parent_window  10011e52 f   libucrt:winapi_thunks.obj
 0001:00010ed1       ___acrt_initialize_winapi_thunks 10011ed1 f   libucrt:winapi_thunks.obj
 0001:00010ef7       ___acrt_is_interactive     10011ef7 f   libucrt:winapi_thunks.obj
 0001:00010f9f       ___acrt_is_packaged_app    10011f9f f   libucrt:winapi_thunks.obj
 0001:00011026       ___acrt_uninitialize_winapi_thunks 10012026 f   libucrt:winapi_thunks.obj
 0001:0001105c       __fcloseall                1001205c f   libucrt:closeall.obj
 0001:000110fc       ___acrt_stdio_free_buffer_nolock 100120fc f   libucrt:_freebuf.obj
 0001:000112a6       ___acrt_initialize_lowio   100122a6 f   libucrt:ioinit.obj
 0001:000112fc       ___acrt_uninitialize_lowio 100122fc f   libucrt:ioinit.obj
 0001:00011328       __isdigit_l                10012328 f i libucrt:_ctype.obj
 0001:00011360       _isdigit                   10012360 f i libucrt:_ctype.obj
 0001:0001138d       ??$make_c_string_character_source@_WPAPA_W@__crt_strtox@@YA?AV?$c_string_character_source@_W@0@QB_WQAPA_W@Z 1001238d f i libucrt:strtox.obj
 0001:0001138d       ??$make_c_string_character_source@DPAPAD@__crt_strtox@@YA?AV?$c_string_character_source@D@0@QBDQAPAD@Z 1001238d f i libucrt:strtox.obj
 0001:000113a8       _strtol                    100123a8 f   libucrt:strtox.obj
 0001:000113d4       _wcstol                    100123d4 f   libucrt:strtox.obj
 0001:00011400       __mbtowc_l                 10012400 f   libucrt:mbtowc.obj
 0001:000114fa       _mbtowc                    100124fa f   libucrt:mbtowc.obj
 0001:00011514       __wctomb_s_l               10012514 f   libucrt:wctomb.obj
 0001:00011635       _wctomb_s                  10012635 f   libucrt:wctomb.obj
 0001:00011652       _strnlen                   10012652 f   libucrt:strnlen.obj
 0001:00011779       _wcsnlen                   10012779 f   libucrt:strnlen.obj
 0001:00011930       ?__acrt_fp_classify@@YA?AW4__acrt_fp_class@@ABN@Z 10012930 f i libucrt:cvt.obj
 0001:0001199c       ?__acrt_fp_is_negative@@YA_NABN@Z 1001299c f i libucrt:cvt.obj
 0001:000121fb       ___acrt_fp_format          100131fb f   libucrt:cvt.obj
 0001:00012377       __fputwc_nolock            10013377 f   libucrt:fputwc.obj
 0001:0001249d       __fileno                   1001349d f   libucrt:fileno.obj
 0001:000124c3       __fputc_nolock             100134c3 f   libucrt:fputc.obj
 0001:000124ec       __get_printf_count_output  100134ec f   libucrt:printf_count_output.obj
 0001:00012501       ___acrt_stdio_begin_temporary_buffering_nolock 10013501 f   libucrt:_sftbuf.obj
 0001:000125b6       ___acrt_stdio_end_temporary_buffering_nolock 100135b6 f   libucrt:_sftbuf.obj
 0001:000125ef       ___acrt_initialize_locks   100135ef f   libucrt:locks.obj
 0001:00012630       ___acrt_lock               10013630 f   libucrt:locks.obj
 0001:00012647       ___acrt_uninitialize_locks 10013647 f   libucrt:locks.obj
 0001:00012678       ___acrt_unlock             10013678 f   libucrt:locks.obj
 0001:00012a51       ??1?$argument_list@D@?A0xb0e4b824@@QAE@XZ 10013a51 f i libucrt:argv_wildcards.obj
 0001:00012a76       ?append@?$argument_list@D@?A0xb0e4b824@@QAEHQAD@Z 10013a76 f i libucrt:argv_wildcards.obj
 0001:00012aab       ?expand_if_necessary@?$argument_list@D@?A0xb0e4b824@@AAEHXZ 10013aab f i libucrt:argv_wildcards.obj
 0001:00012b32       ___acrt_expand_narrow_argv_wildcards 10013b32 f   libucrt:argv_wildcards.obj
 0001:00012b3d       ??$?RV<lambda_978dc153c237d78434369da87b74ff60>@@AAV<lambda_ad1ced32f4ac17aa236e5ef05d6b3b7c>@@V<lambda_4a8533e2866a575feecb8298ce776b0d>@@@?$__crt_seh_guarded_call@X@@QAEX$$QAV<lambda_978dc153c237d78434369da87b74ff60>@@AAV<lambda_ad1ced32f4ac17aa236e5ef05d6b3b7c>@@$$QAV<lambda_4a8533e2866a575feecb8298ce776b0d>@@@Z 10013b3d f i libucrt:mbctype.obj
 0001:00012b80       ??$__acrt_lock_and_call@V<lambda_ad1ced32f4ac17aa236e5ef05d6b3b7c>@@@@YAXW4__acrt_lock_id@@$$QAV<lambda_ad1ced32f4ac17aa236e5ef05d6b3b7c>@@@Z 10013b80 f i libucrt:mbctype.obj
 0001:00013017       ___acrt_initialize_multibyte 10014017 f   libucrt:mbctype.obj
 0001:00013035       ___acrt_update_thread_multibyte_data 10014035 f   libucrt:mbctype.obj
 0001:000130d7       __setmbcp_nolock           100140d7 f   libucrt:mbctype.obj
 0001:00013321       __ismbblead                10014321 f   libucrt:ismbbyte.obj
 0001:00013339       ___acrt_initialize_command_line 10014339 f   libucrt:argv_data.obj
 0001:00013389       ___dcrt_get_narrow_environment_from_os 10014389 f   libucrt:get_environment_from_os.obj
 0001:0001340c       __recalloc                 1001440c f   libucrt:recalloc.obj
 0001:00013417       __recalloc_base            10014417 f   libucrt:recalloc.obj
 0001:00013484       ___acrt_initialize_heap    10014484 f   libucrt:heap_handle.obj
 0001:00013495       ___acrt_uninitialize_heap  10014495 f   libucrt:heap_handle.obj
 0001:0001349f       ___acrt_execute_initializers 1001449f f   libucrt:shared_initialization.obj
 0001:00013522       ___acrt_execute_uninitializers 10014522 f   libucrt:shared_initialization.obj
 0001:0001356f       ___acrt_has_user_matherr   1001456f f   libucrt:matherr.obj
 0001:00013588       ___acrt_initialize_user_matherr 10014588 f   libucrt:matherr.obj
 0001:0001359c       ___acrt_invoke_user_matherr 1001459c f   libucrt:matherr.obj
 0001:000135e5       __query_new_mode           100145e5 f   libucrt:new_mode.obj
 0001:000135eb       ___pctype_func             100145eb f   libucrt:ctype.obj
 0001:00013611       _iswctype                  10014611 f   libucrt:iswctype.obj
 0001:00013670       __isctype_l                10014670 f   libucrt:isctype.obj
 0001:00013742       __isleadbyte_l             10014742 f i libucrt:_wctype.obj
 0001:0001377b       ___acrt_add_locale_ref     1001477b f   libucrt:locale_refcounting.obj
 0001:000137f8       ___acrt_free_locale        100147f8 f   libucrt:locale_refcounting.obj
 0001:00013942       ___acrt_locale_add_lc_time_reference 10014942 f   libucrt:locale_refcounting.obj
 0001:0001396b       ___acrt_locale_free_lc_time_if_unreferenced 1001496b f   libucrt:locale_refcounting.obj
 0001:0001399b       ___acrt_locale_release_lc_time_reference 1001499b f   libucrt:locale_refcounting.obj
 0001:000139c4       ___acrt_release_locale_ref 100149c4 f   libucrt:locale_refcounting.obj
 0001:00013a45       ___acrt_update_thread_locale_data 10014a45 f   libucrt:locale_refcounting.obj
 0001:00013abc       __updatetlocinfoEx_nolock  10014abc f   libucrt:locale_refcounting.obj
 0001:00013b0c       ??$?RV<lambda_61cee617f5178ae960314fd4d05640a0>@@AAV<lambda_6978c1fb23f02e42e1d9e99668cc68aa>@@V<lambda_9cd88cf8ad10232537feb2133f08c833>@@@?$__crt_seh_guarded_call@H@@QAEH$$QAV<lambda_61cee617f5178ae960314fd4d05640a0>@@AAV<lambda_6978c1fb23f02e42e1d9e99668cc68aa>@@$$QAV<lambda_9cd88cf8ad10232537feb2133f08c833>@@@Z 10014b0c f i libucrt:commit.obj
 0001:00013ba4       ??$__acrt_lowio_lock_fh_and_call@V<lambda_6978c1fb23f02e42e1d9e99668cc68aa>@@@@YAHH$$QAV<lambda_6978c1fb23f02e42e1d9e99668cc68aa>@@@Z 10014ba4 f i libucrt:commit.obj
 0001:00013bcc       __commit                   10014bcc f   libucrt:commit.obj
 0001:000141cb       __write                    100151cb f   libucrt:write.obj
 0001:000142b6       __write_nolock             100152b6 f   libucrt:write.obj
 0001:000146df       ___acrt_LCMapStringA       100156df f   libucrt:lcmapstringa.obj
 0001:0001472a       __freea_crt                1001572a f i libucrt:lcmapstringa.obj
 0001:0001474a       ___acrt_locale_free_monetary 1001574a f   libucrt:initmon.obj
 0001:00014848       ___acrt_locale_free_numeric 10015848 f   libucrt:initnum.obj
 0001:000148ed       ___acrt_locale_free_time   100158ed f   libucrt:inittime.obj
 0001:000149d1       ___acrt_GetStringTypeA     100159d1 f   libucrt:getstringtypea.obj
 0001:00014baa       ___acrt_DownlevelLocaleNameToLCID 10015baa f   libucrt:lcidtoname_downlevel.obj
 0001:00014bd6       __fclose_nolock            10015bd6 f   libucrt:fclose.obj
 0001:00014c4c       _fclose                    10015c4c f   libucrt:fclose.obj
 0001:00014ccc       ___acrt_lowio_create_handle_array 10015ccc f   libucrt:osfinfo.obj
 0001:00014d46       ___acrt_lowio_destroy_handle_array 10015d46 f   libucrt:osfinfo.obj
 0001:00014d7b       ___acrt_lowio_ensure_fh_exists 10015d7b f   libucrt:osfinfo.obj
 0001:00014e13       ___acrt_lowio_lock_fh      10015e13 f   libucrt:osfinfo.obj
 0001:00014e36       ___acrt_lowio_unlock_fh    10015e36 f   libucrt:osfinfo.obj
 0001:00014e59       __free_osfhnd              10015e59 f   libucrt:osfinfo.obj
 0001:00014eea       __get_osfhandle            10015eea f   libucrt:osfinfo.obj
 0001:00014f54       ___acrt_fp_strflt_to_string 10015f54 f   libucrt:_fptostr.obj
 0001:00015010       ??0scoped_fp_state_reset@?A0x48fbfdd4@@QAE@XZ 10016010 f i libucrt:cfout.obj
 0001:00015040       ?divide@__crt_strtox@@YA_KAAUbig_integer@1@ABU21@@Z 10016040 f i libucrt:cfout.obj
 0001:000154ee       ___acrt_fltout             100164ee f   libucrt:cfout.obj
 0001:00016cd1       ___acrt_stdio_flush_and_write_narrow_nolock 10017cd1 f   libucrt:_flsbuf.obj
 0001:00016cdc       ___acrt_stdio_flush_and_write_wide_nolock 10017cdc f   libucrt:_flsbuf.obj
 0001:00016ce7       __isatty                   10017ce7 f   libucrt:isatty.obj
 0001:00016e20       _qsort                     10017e20 f   libucrt:qsort.obj
 0001:000171c0       _strpbrk                   100181c0 f   libucrt:strpbrk.obj
 0001:00017200       __mbsdec                   10018200 f   libucrt:mbsdec.obj
 0001:00017217       __mbsdec_l                 10018217 f   libucrt:mbsdec.obj
 0001:000172b3       __msize                    100182b3 f   libucrt:msize.obj
 0001:000172e6       __realloc_base             100182e6 f   libucrt:realloc_base.obj
 0001:000174d2       __lseeki64                 100184d2 f   libucrt:lseek.obj
 0001:000174ed       __lseeki64_nolock          100184ed f   libucrt:lseek.obj
 0001:00017508       __putwch_nolock            10018508 f   libucrt:putwch.obj
 0001:0001754d       ___strncnt                 1001854d f   libucrt:strncnt.obj
 0001:00017569       ??$?RV<lambda_123407a5e2ac06da108355a851863b7a>@@AAV<lambda_2fe9b910cf3cbf4a0ab98a02ba45b3ec>@@V<lambda_ae55bdf541ad94d75914d381c370e64d>@@@?$__crt_seh_guarded_call@H@@QAEH$$QAV<lambda_123407a5e2ac06da108355a851863b7a>@@AAV<lambda_2fe9b910cf3cbf4a0ab98a02ba45b3ec>@@$$QAV<lambda_ae55bdf541ad94d75914d381c370e64d>@@@Z 10018569 f i libucrt:close.obj
 0001:000175eb       ??$__acrt_lowio_lock_fh_and_call@V<lambda_2fe9b910cf3cbf4a0ab98a02ba45b3ec>@@@@YAHH$$QAV<lambda_2fe9b910cf3cbf4a0ab98a02ba45b3ec>@@@Z 100185eb f i libucrt:close.obj
 0001:00017613       __close                    10018613 f   libucrt:close.obj
 0001:00017692       __close_nolock             10018692 f   libucrt:close.obj
 0001:0001772e       ?__acrt_stdio_free_stream@@YAXV__crt_stdio_stream@@@Z 1001872e f   libucrt:stream.obj
 0001:00017769       _fegetenv                  10018769 f   libucrt:fegetenv.obj
 0001:00017786       _fesetenv                  10018786 f   libucrt:fesetenv.obj
[...]
 0002:00006e68       __ehfuncinfo$??1?$Persistent@VObject@v8@@V?$NonCopyablePersistentTraits@VObject@v8@@@2@@Nan@@QAE@XZ 10023e68     scrypt_params_async.obj
 0002:00006e8c       __unwindtable$??0ScryptKDFVerifyAsyncWorker@@QAE@ABV?$FunctionCallbackInfo@VValue@v8@@@Nan@@@Z 10023e8c     scrypt_kdf-verify_async.obj
 0002:00006e8c       __unwindtable$??0ScryptParamsAsyncWorker@@QAE@ABV?$FunctionCallbackInfo@VValue@v8@@@Nan@@@Z 10023e8c     scrypt_params_async.obj
 0002:00006e9c       __ehfuncinfo$??0ScryptParamsAsyncWorker@@QAE@ABV?$FunctionCallbackInfo@VValue@v8@@@Nan@@@Z 10023e9c     scrypt_params_async.obj
 0002:00006e9c       __ehfuncinfo$??0ScryptKDFVerifyAsyncWorker@@QAE@ABV?$FunctionCallbackInfo@VValue@v8@@@Nan@@@Z 10023e9c     scrypt_kdf-verify_async.obj
 0002:00006ec0       __unwindtable$?HandleOKCallback@ScryptParamsAsyncWorker@@UAEXXZ 10023ec0     scrypt_params_async.obj
 0002:00006ec8       __ehfuncinfo$?HandleOKCallback@ScryptParamsAsyncWorker@@UAEXXZ 10023ec8     scrypt_params_async.obj
 0002:00006eec       __unwindtable$?params@@YAXABV?$FunctionCallbackInfo@VValue@v8@@@Nan@@@Z 10023eec     scrypt_params_async.obj
 0002:00006ef4       __ehfuncinfo$?params@@YAXABV?$FunctionCallbackInfo@VValue@v8@@@Nan@@@Z 10023ef4     scrypt_params_async.obj
 0002:00006f18       __unwindtable$??0ScryptHashAsyncWorker@@QAE@ABV?$FunctionCallbackInfo@VValue@v8@@@Nan@@@Z 10023f18     scrypt_hash_async.obj
 0002:00006f18       __unwindtable$??0ScryptKDFAsyncWorker@@QAE@ABV?$FunctionCallbackInfo@VValue@v8@@@Nan@@@Z 10023f18     scrypt_kdf_async.obj
 0002:00006f28       __ehfuncinfo$??0ScryptKDFAsyncWorker@@QAE@ABV?$FunctionCallbackInfo@VValue@v8@@@Nan@@@Z 10023f28     scrypt_kdf_async.obj
 0002:00006f28       __ehfuncinfo$??0ScryptHashAsyncWorker@@QAE@ABV?$FunctionCallbackInfo@VValue@v8@@@Nan@@@Z 10023f28     scrypt_hash_async.obj
 0002:00006f4c       __unwindtable$?HandleOKCallback@ScryptKDFAsyncWorker@@UAEXXZ 10023f4c     scrypt_kdf_async.obj
 0002:00006f4c       __unwindtable$?HandleOKCallback@ScryptHashAsyncWorker@@UAEXXZ 10023f4c     scrypt_hash_async.obj
 0002:00006f54       __ehfuncinfo$?HandleOKCallback@ScryptKDFAsyncWorker@@UAEXXZ 10023f54     scrypt_kdf_async.obj
 0002:00006f54       __ehfuncinfo$?HandleOKCallback@ScryptHashAsyncWorker@@UAEXXZ 10023f54     scrypt_hash_async.obj
 0002:00006f78       __unwindtable$?kdf@@YAXABV?$FunctionCallbackInfo@VValue@v8@@@Nan@@@Z 10023f78     scrypt_kdf_async.obj
 0002:00006f80       __ehfuncinfo$?kdf@@YAXABV?$FunctionCallbackInfo@VValue@v8@@@Nan@@@Z 10023f80     scrypt_kdf_async.obj
 0002:00006fa4       __unwindtable$?HandleOKCallback@ScryptKDFVerifyAsyncWorker@@UAEXXZ 10023fa4     scrypt_kdf-verify_async.obj
 0002:00006fac       __ehfuncinfo$?HandleOKCallback@ScryptKDFVerifyAsyncWorker@@UAEXXZ 10023fac     scrypt_kdf-verify_async.obj
 0002:00006fd0       __unwindtable$?kdfVerify@@YAXABV?$FunctionCallbackInfo@VValue@v8@@@Nan@@@Z 10023fd0     scrypt_kdf-verify_async.obj
 0002:00006fd8       __ehfuncinfo$?kdfVerify@@YAXABV?$FunctionCallbackInfo@VValue@v8@@@Nan@@@Z 10023fd8     scrypt_kdf-verify_async.obj
 0002:00006ffc       __unwindtable$?hash@@YAXABV?$FunctionCallbackInfo@VValue@v8@@@Nan@@@Z 10023ffc     scrypt_hash_async.obj
 0002:00007004       __ehfuncinfo$?hash@@YAXABV?$FunctionCallbackInfo@VValue@v8@@@Nan@@@Z 10024004     scrypt_hash_async.obj
 0002:00007028       __unwindtable$?New@?$Factory@VFunctionTemplate@v8@@@imp@Nan@@SA?AV?$Local@VFunctionTemplate@v8@@@v8@@P6AXABV?$FunctionCallbackInfo@VValue@v8@@@3@@ZV?$Local@VValue@v8@@@5@V?$Local@VSignature@v8@@@5@@Z 10024028     scrypt_node.obj
 0002:00007030       __ehfuncinfo$?New@?$Factory@VFunctionTemplate@v8@@@imp@Nan@@SA?AV?$Local@VFunctionTemplate@v8@@@v8@@P6AXABV?$FunctionCallbackInfo@VValue@v8@@@3@@ZV?$Local@VValue@v8@@@5@V?$Local@VSignature@v8@@@5@@Z 10024030     scrypt_node.obj
 0002:00007140       __sehtable$?dllmain_crt_process_attach@@YAHQAUHINSTANCE__@@QAX@Z 10024140     LIBCMT:dll_dllmain.obj
 0002:00007160       __sehtable$?dllmain_crt_process_detach@@YAH_N@Z 10024160     LIBCMT:dll_dllmain.obj
 0002:00007180       __sehtable$?dllmain_dispatch@@YAHQAUHINSTANCE__@@KQAX@Z 10024180     LIBCMT:dll_dllmain.obj
 0002:000071a0       __sehtable$___scrt_is_nonwritable_in_current_image 100241a0     LIBCMT:utility.obj
 0002:000071f8       __sehtable$___FrameUnwindToState 100241f8     libvcruntime:frame.obj
 0002:00007220       __sehtable$?CallCatchBlock@@YAPAXPAUEHExceptionRecord@@PAUEHRegistrationNode@@PAU_CONTEXT@@PBU_s_FuncInfo@@PAXHK@Z 10024220     libvcruntime:frame.obj
 0002:00007248       __sehtable$___BuildCatchObject 10024248     libvcruntime:frame.obj
 0002:00007268       __sehtable$___DestructExceptionObject 10024268     libvcruntime:frame.obj
 0002:00007284       __catchsym$?CallUnexpected@@YAXPBU_s_ESTypeList@@@Z$2 10024284     libvcruntime:frame.obj
 0002:00007294       __unwindtable$?CallUnexpected@@YAXPBU_s_ESTypeList@@@Z 10024294     libvcruntime:frame.obj
 0002:000072a4       __tryblocktable$?CallUnexpected@@YAXPBU_s_ESTypeList@@@Z 100242a4     libvcruntime:frame.obj
 0002:000072b8       __ehfuncinfo$?CallUnexpected@@YAXPBU_s_ESTypeList@@@Z 100242b8     libvcruntime:frame.obj
 0002:000072e0       __sehtable$___BuildCatchObjectHelper 100242e0     libvcruntime:frame.obj
 0002:00007338       __sehtable$??$?RV<lambda_db08b09ef7aa9d4f8620ce68402612bc>@@AAV<lambda_4f2c1eaeead2a5fc776db5b62ea0fb9b>@@V<lambda_3ae262bc35d4ba6a3825c4f6bcaaf95c>@@@?$__crt_seh_guarded_call@H@@QAEH$$QAV<lambda_db08b09ef7aa9d4f8620ce68402612bc>@@AAV<lambda_4f2c1eaeead2a5fc776db5b62ea0fb9b>@@$$QAV<lambda_3ae262bc35d4ba6a3825c4f6bcaaf95c>@@@Z 10024338     libucrt:output.obj
 0002:00007358       __sehtable$??$?RV<lambda_ab9923ffb5d694ec0d78876dd103e44f>@@AAV<lambda_481dd5778c961fbcd3b60b650e9b9dc4>@@V<lambda_7923d86c9e3f319b415918ec4b39749c>@@@?$__crt_seh_guarded_call@H@@QAEH$$QAV<lambda_ab9923ffb5d694ec0d78876dd103e44f>@@AAV<lambda_481dd5778c961fbcd3b60b650e9b9dc4>@@$$QAV<lambda_7923d86c9e3f319b415918ec4b39749c>@@@Z 10024358     libucrt:output.obj
 0002:00007378       __sehtable$__query_new_handler 10024378     libucrt:new_handler.obj
 0002:00007398       __sehtable$?common_exit@@YAXHW4_crt_exit_cleanup_mode@@W4_crt_exit_return_mode@@@Z 10024398     libucrt:exit.obj
 0002:000073c0       __sehtable$??$?RV<lambda_800076c951b434888f4765a74a194fcc>@@AAV<lambda_4e60a939b0d047cfe11ddc22648dfba9>@@V<lambda_6dbb1268764f43b569ce7b67e331d33a>@@@?$__crt_seh_guarded_call@H@@QAEH$$QAV<lambda_800076c951b434888f4765a74a194fcc>@@AAV<lambda_4e60a939b0d047cfe11ddc22648dfba9>@@$$QAV<lambda_6dbb1268764f43b569ce7b67e331d33a>@@@Z 100243c0     libucrt:onexit.obj
 0002:000073e0       __sehtable$??$?RV<lambda_995298e7d72eb4c2aab26c0585b3abe5>@@AAV<lambda_275893d493268fdec8709772e3fcec0e>@@V<lambda_293819299cbf9a7022e18b56a874bb5c>@@@?$__crt_seh_guarded_call@H@@QAEH$$QAV<lambda_995298e7d72eb4c2aab26c0585b3abe5>@@AAV<lambda_275893d493268fdec8709772e3fcec0e>@@$$QAV<lambda_293819299cbf9a7022e18b56a874bb5c>@@@Z 100243e0     libucrt:onexit.obj
 0002:00007400       __sehtable$_terminate      10024400     libucrt:terminate.obj
 0002:00007420       __sehtable$??$?RV<lambda_9df27f884b057bc3edfc946cb5b7cf47>@@AAV<lambda_e69574bed617af4e071282c136b37893>@@V<lambda_cc0d902bcbbeb830f749456577db4721>@@@?$__crt_seh_guarded_call@X@@QAEX$$QAV<lambda_9df27f884b057bc3edfc946cb5b7cf47>@@AAV<lambda_e69574bed617af4e071282c136b37893>@@$$QAV<lambda_cc0d902bcbbeb830f749456577db4721>@@@Z 10024420     libucrt:per_thread_data.obj
 0002:00007440       __sehtable$??$?RV<lambda_3518db117f0e7cdb002338c5d3c47b6c>@@AAV<lambda_b2ea41f6bbb362cd97d94c6828d90b61>@@V<lambda_abdedf541bb04549bc734292b4a045d4>@@@?$__crt_seh_guarded_call@X@@QAEX$$QAV<lambda_3518db117f0e7cdb002338c5d3c47b6c>@@AAV<lambda_b2ea41f6bbb362cd97d94c6828d90b61>@@$$QAV<lambda_abdedf541bb04549bc734292b4a045d4>@@@Z 10024440     libucrt:per_thread_data.obj
 0002:00007460       __sehtable$??$?RV<lambda_51b6e8b1eb166f2a3faf91f424b38130>@@AAV<lambda_6250bd4b2a391816dd638c3bf72b0bcb>@@V<lambda_0b5a4a3e68152e1d9b943535f5f47bed>@@@?$__crt_seh_guarded_call@X@@QAEX$$QAV<lambda_51b6e8b1eb166f2a3faf91f424b38130>@@AAV<lambda_6250bd4b2a391816dd638c3bf72b0bcb>@@$$QAV<lambda_0b5a4a3e68152e1d9b943535f5f47bed>@@@Z 10024460     libucrt:per_thread_data.obj
 0002:00007480       __sehtable$??$?RV<lambda_5b71d36f03204c0beab531769a5b5694>@@AAV<lambda_be2b3da3f62db62e9dad5dc70221a656>@@V<lambda_8f9ce462984622f9bf76b59e2aaaf805>@@@?$__crt_seh_guarded_call@X@@QAEX$$QAV<lambda_5b71d36f03204c0beab531769a5b5694>@@AAV<lambda_be2b3da3f62db62e9dad5dc70221a656>@@$$QAV<lambda_8f9ce462984622f9bf76b59e2aaaf805>@@@Z 10024480     libucrt:per_thread_data.obj
 0002:000074a0       __sehtable$_fflush         100244a0     libucrt:fflush.obj
 0002:000074c0       __sehtable$_common_flush_all 100244c0     libucrt:fflush.obj
 0002:000074e8       __sehtable$??$?RV<lambda_d92cfe8357b99225085016881b624cb0>@@AAV<lambda_b721fa326cdb32351d23dfa67958c160>@@V<lambda_42d75b0848218ec137fa420c8ba9fdf9>@@@?$__crt_seh_guarded_call@H@@QAEH$$QAV<lambda_d92cfe8357b99225085016881b624cb0>@@AAV<lambda_b721fa326cdb32351d23dfa67958c160>@@$$QAV<lambda_42d75b0848218ec137fa420c8ba9fdf9>@@@Z 100244e8     libucrt:setvbuf.obj
 0002:00007508       __sehtable$_raise          10024508     libucrt:signal.obj
 0002:00007528       __sehtable$??$?RV<lambda_a048d3beccc847880fc8490e18b82769>@@AAV<lambda_ec61778202f4f5fc7e7711acc23c3bca>@@V<lambda_f7496a158712204296dd6628a163878e>@@@?$__crt_seh_guarded_call@P6AXH@Z@@QAEP6AXH@Z$$QAV<lambda_a048d3beccc847880fc8490e18b82769>@@AAV<lambda_ec61778202f4f5fc7e7711acc23c3bca>@@$$QAV<lambda_f7496a158712204296dd6628a163878e>@@@Z 10024528     libucrt:signal.obj
 0002:00007548       __sehtable$___acrt_uninitialize_locale 10024548     libucrt:wsetlocale.obj
 0002:00007568       __sehtable$__fcloseall     10024568     libucrt:closeall.obj
 0002:00007588       __sehtable$___acrt_initialize_lowio 10024588     libucrt:ioinit.obj
 0002:000075a8       __sehtable$___acrt_update_thread_multibyte_data 100245a8     libucrt:mbctype.obj
 0002:000075c8       __sehtable$??$?RV<lambda_978dc153c237d78434369da87b74ff60>@@AAV<lambda_ad1ced32f4ac17aa236e5ef05d6b3b7c>@@V<lambda_4a8533e2866a575feecb8298ce776b0d>@@@?$__crt_seh_guarded_call@X@@QAEX$$QAV<lambda_978dc153c237d78434369da87b74ff60>@@AAV<lambda_ad1ced32f4ac17aa236e5ef05d6b3b7c>@@$$QAV<lambda_4a8533e2866a575feecb8298ce776b0d>@@@Z 100245c8     libucrt:mbctype.obj
 0002:000075e8       __sehtable$___acrt_update_thread_locale_data 100245e8     libucrt:locale_refcounting.obj
 0002:00007608       __sehtable$??$?RV<lambda_61cee617f5178ae960314fd4d05640a0>@@AAV<lambda_6978c1fb23f02e42e1d9e99668cc68aa>@@V<lambda_9cd88cf8ad10232537feb2133f08c833>@@@?$__crt_seh_guarded_call@H@@QAEH$$QAV<lambda_61cee617f5178ae960314fd4d05640a0>@@AAV<lambda_6978c1fb23f02e42e1d9e99668cc68aa>@@$$QAV<lambda_9cd88cf8ad10232537feb2133f08c833>@@@Z 10024608     libucrt:commit.obj
 0002:00007628       __sehtable$__write         10024628     libucrt:write.obj
 0002:00007648       __sehtable$_fclose         10024648     libucrt:fclose.obj
 0002:00007668       __sehtable$___acrt_lowio_ensure_fh_exists 10024668     libucrt:osfinfo.obj
 0002:00007688       __sehtable$??$common_lseek@_J@@YA_JH_JH@Z 10024688     libucrt:lseek.obj
 0002:000076a8       __sehtable$??$?RV<lambda_123407a5e2ac06da108355a851863b7a>@@AAV<lambda_2fe9b910cf3cbf4a0ab98a02ba45b3ec>@@V<lambda_ae55bdf541ad94d75914d381c370e64d>@@@?$__crt_seh_guarded_call@H@@QAEH$$QAV<lambda_123407a5e2ac06da108355a851863b7a>@@AAV<lambda_2fe9b910cf3cbf4a0ab98a02ba45b3ec>@@$$QAV<lambda_ae55bdf541ad94d75914d381c370e64d>@@@Z 100246a8     libucrt:close.obj
 0002:000076c8       __sehtable$__IsNonwritableInCurrentImage 100246c8     LIBCMT:pesect.obj
 0002:00008340       .edata                     10025340     scrypt.exp
 0002:00008368       rgpv                       10025368     scrypt.exp
 0002:0000836c       rgszName                   1002536c     scrypt.exp
 0002:00008370       rgwOrd                     10025370     scrypt.exp
 0002:00008372       szName                     10025372     scrypt.exp
 0002:0000837e       $N00001                    1002537e     scrypt.exp
 0002:00008500       .idata$6                   10025500     kernel32:KERNEL32.dll
 0003:00000020       ?__vcrt_flsindex@@3KA      10026020     libvcruntime:per_thread_data.obj
 0003:00000040       _errno_no_memory           10026040     libucrt:errno.obj
 0003:00000044       _doserrno_no_memory        10026044     libucrt:errno.obj
 0003:000000f8       ___acrt_flsindex           100260f8     libucrt:per_thread_data.obj
 0003:000001f8       ___rgctypeflag             100261f8     libucrt:mbctype.obj
 0003:00000200       ___rgcode_page_info        10026200     libucrt:mbctype.obj
 0003:000007a0       __module                   100267a0     scrypt_node.obj
 0003:000007c8       _PAD                       100267c8     scrypt_lib:sha256.obj
 0003:00000808       _testcase                  10026808     scrypt_lib:crypto_scrypt.obj
 0003:00000a0c       ?__proc_attached@@3HA      10026a0c     LIBCMT:dll_dllmain.obj
 0003:00000a18       ?module_local_atexit_table@@3U_onexit_table_t@@A 10026a18     LIBCMT:utility.obj
 0003:00000a24       ?module_local_at_quick_exit_table@@3U_onexit_table_t@@A 10026a24     LIBCMT:utility.obj
 0003:00000a30       ?is_initialized_as_dll@@3_NA 10026a30     LIBCMT:utility.obj
 0003:00000a38       _GS_ExceptionRecord        10026a38     LIBCMT:gs_report.obj
 0003:00000a88       _GS_ContextRecord          10026a88     LIBCMT:gs_report.obj
 0003:00000d78       ?__vcrt_startup_thread_ptd@@3U__vcrt_ptd@@A 10026d78     libvcruntime:per_thread_data.obj
 0003:00000da4       ___vcrt_lock_table         10026da4     libvcruntime:locks.obj
 0003:00000dbc       ___vcrt_locks_initialized  10026dbc     libvcruntime:locks.obj
 0003:00000dc0       ?module_handles@@3PAPAUHINSTANCE__@@A 10026dc0     libvcruntime:winapi_downlevel.obj
 0003:00000dd0       ?encoded_function_pointers@@3PAPAXA 10026dd0     libvcruntime:winapi_downlevel.obj
 0003:00000e1c       ?heap@@3V_HeapManager@@A   10026e1c     libvcruntime:undname.obj
 0003:00000e30       ___acrt_invalid_parameter_handler 10026e30     libucrt:invalid_parameter.obj
 0003:00000e40       ___acrt_new_handler        10026e40     libucrt:new_handler.obj
 0003:00000e44       _c_termination_complete    10026e44     libucrt:exit.obj
 0003:00000e48       _thread_local_exit_callback_func 10026e48     libucrt:exit.obj
 0003:00000e4c       ?c_exit_complete@?5??common_exit@@YAXHW4_crt_exit_cleanup_mode@@W4_crt_exit_return_mode@@@Z@4_NA 10026e4c     libucrt:exit.obj
 0003:00000e50       ?program_name@?5???$common_configure_argv@D@@YAHW4_crt_argv_mode@@@Z@4PADA 10026e50     libucrt:argv_parsing.obj
 0003:00000f80       ___acrt_app_type           10026f80     libucrt:report_runtime_error.obj
 0003:00000f84       ___acrt_error_mode         10026f84     libucrt:set_error_mode.obj
 0003:00000f88       _ctrlc_action              10026f88     libucrt:signal.obj
 0003:00000f8c       _ctrlbreak_action          10026f8c     libucrt:signal.obj
 0003:00000f90       _abort_action              10026f90     libucrt:signal.obj
 0003:00000f94       _term_action               10026f94     libucrt:signal.obj
 0003:00000fa0       _module_handles            10026fa0     libucrt:winapi_thunks.obj
 0003:00000ff0       _encoded_function_pointers 10026ff0     libucrt:winapi_thunks.obj
 0003:00001070       ?state_cache@?1??__acrt_is_packaged_app@@9@4JA 10027070     libucrt:winapi_thunks.obj
 0003:0000127c       _enable_percent_n          1002727c     libucrt:printf_count_output.obj
 0003:00001288       ___acrt_lock_table         10027288     libucrt:locks.obj
 0003:000013c0       ___acrt_locks_initialized  100273c0     libucrt:locks.obj
 0003:000013dc       _fSystemSet                100273dc     libucrt:mbctype.obj
 0003:000013e0       ?initialized@?1??__acrt_initialize_multibyte@@9@4_NA 100273e0     libucrt:mbctype.obj
 0003:00001400       _user_matherr              10027400     libucrt:matherr.obj
 0003:00001404       ___acrt_global_new_mode    10027404     libucrt:new_mode.obj
 0003:00001414       __pmatherr_set             10027414     libucrt:libm_error.obj
 0003:00001434       _smix_func                 10027434     scrypt_lib:crypto_scrypt.obj
 0003:00001438       _name                      10027438     scrypt_lib:warnp.obj
 0004:00000000       __guard_fids____dcrt_uninitialize_environments_nolock 10028000     libucrt:environment_initialization.obj
 0004:00000008       __guard_fids__             10028008     libucrt:initialization.obj
 0004:00000068       __guard_fids____acrt_initialize_ptd 10028068     libucrt:per_thread_data.obj
 0004:0000006c       __guard_fids_??$common_show_message_box@_W@@YAHQB_W0I@Z 1002806c     libucrt:crtmbox.obj
 0004:00000070       __guard_fids__             10028070     libucrt:stdio_initializer.obj
 0004:00000074       __guard_fids__             10028074     libucrt:stdio_initializer.obj
 0004:00000078       __guard_fids_??$expand_argument_wildcards@D@@YAHQAD0AAV?$argument_list@D@?A0xb0e4b824@@@Z 10028078     libucrt:argv_wildcards.obj
 0004:0000007c       __guard_fids__             1002807c     libucrt:locale_initializer.obj
 0004:00000080       __guard_fids__             10028080     libucrt:multibyte_initializer.obj
 0004:00000084       __guard_fids____libm_error_support 10028084     libucrt:libm_error.obj
 0004:00000088       __guard_fids__             10028088     libucrt:console_output_initializer.obj
 0004:0000008c       __guard_fids__             1002808c     libucrt:sse2_initializer.obj
 0004:00000090       __guard_fids__             10028090     libcpmt:xthrow.obj
 0004:00000098       __guard_fids__             10028098     libcpmt:xthrow.obj
 0004:000000a0       __guard_fids__             100280a0     libcpmt:xthrow.obj
 0004:000000a8       __guard_fids__             100280a8     libcpmt:xthrow.obj
 0004:000000b0       __guard_fids__             100280b0     libcpmt:xthrow.obj
 0004:000000b8       __guard_fids__             100280b8     libcpmt:xthrow.obj
 0004:000000bc       __guard_fids__             100280bc     libcpmt:xthrow.obj
 0004:000000c0       __guard_fids__             100280c0     libcpmt:xthrow.obj
 0004:000000c4       __guard_fids__             100280c4     libcpmt:xthrow.obj
 0004:000000c8       __guard_fids__             100280c8     libcpmt:xthrow.obj
 0004:000000cc       __guard_fids__             100280cc     libcpmt:xthrow.obj
 0004:000000d0       __guard_fids__             100280d0     libcpmt:xthrow.obj
 0004:000000d4       __guard_fids__             100280d4     libcpmt:xthrow.obj
 0004:000000d8       __guard_fids_?dllmain_crt_process_attach@@YAHQAUHINSTANCE__@@QAX@Z 100280d8     LIBCMT:dll_dllmain.obj
 0004:000000e0       __guard_fids_?dllmain_dispatch@@YAHQAUHINSTANCE__@@KQAX@Z 100280e0     LIBCMT:dll_dllmain.obj
 0004:000000e4       __guard_fids__             100280e4     LIBCMT:std_type_info_static.obj
 0004:000000e8       __guard_fids__             100280e8     LIBCMT:throw_bad_alloc.obj
 0004:000000f0       __guard_fids__             100280f0     LIBCMT:throw_bad_alloc.obj
 0004:000000f4       __guard_fids__             100280f4     LIBCMT:throw_bad_alloc.obj
 0004:000000f8       __guard_fids__             100280f8     LIBCMT:guard_support.obj
 0004:000000fc       __guard_fids__             100280fc     libvcruntime:frame.obj
 0004:00000100       __guard_fids__             10028100     libvcruntime:frame.obj
 0004:00000108       __guard_fids__             10028108     libvcruntime:frame.obj
 0004:0000010c       __guard_fids__             1002810c     libvcruntime:frame.obj
 0004:00000110       __guard_fids____vcrt_initialize_ptd 10028110     libvcruntime:per_thread_data.obj
 0005:00000060       $R000000                   10029060     * linker generated manifest res *

 Exports

  ordinal    name

        1    __register_scrypt_
               exported name: _register_scrypt_
